==PROF== Connected to process 46772 (/home/descfly/.local/share/uv/python/cpython-3.11.15-linux-x86_64-gnu/bin/python3.11)
==PROF== Profiling "distribution_elementwise_grid..." - 0: 0%....50%....100% - 18 passes
==PROF== Profiling "vectorized_elementwise_kernel" - 1: 0%....50%....100% - 18 passes
==PROF== Profiling "unrolled_elementwise_kernel" - 2: 0%....50%....100% - 18 passes
==PROF== Profiling "vectorized_elementwise_kernel" - 3: 0%....50%....100% - 18 passes
==PROF== Profiling "reduce_kernel" - 4: 0%....50%....100% - 18 passes
==PROF== Profiling "vectorized_elementwise_kernel" - 5: 0%....50%....100% - 18 passes
==PROF== Profiling "vectorized_elementwise_kernel" - 6: 0%....50%....100% - 18 passes
==PROF== Profiling "elementwise_kernel" - 7: 0%....50%....100% - 18 passes
==PROF== Profiling "vectorized_elementwise_kernel" - 8: 0%....50%....100% - 18 passes
==PROF== Profiling "vectorized_elementwise_kernel" - 9: 0%....50%....100% - 18 passes
==PROF== Profiling "unrolled_elementwise_kernel" - 10: 0%....50%....100% - 18 passes
==PROF== Profiling "vectorized_elementwise_kernel" - 11: 0%....50%....100% - 18 passes
==PROF== Profiling "reduce_kernel" - 12: 0%....50%....100% - 18 passes
==PROF== Profiling "vectorized_elementwise_kernel" - 13: 0%....50%....100% - 18 passes
==PROF== Profiling "vectorized_elementwise_kernel" - 14: 0%....50%....100% - 18 passes
==PROF== Profiling "elementwise_kernel" - 15: 0%....50%....100% - 18 passes
==PROF== Profiling "vectorized_elementwise_kernel" - 16: 0%....50%....100% - 18 passes
==PROF== Profiling "ampere_fp16_s16816gemm_fp16_1..." - 17: 0%....50%....100% - 18 passes
==PROF== Profiling "ampere_fp16_s16816gemm_fp16_1..." - 18: 0%....50%....100% - 18 passes
==PROF== Profiling "ampere_fp16_s16816gemm_fp16_1..." - 19: 0%....50%....100% - 18 passes
==PROF== Profiling "elementwise_kernel" - 20: 0%....50%....100% - 18 passes
==PROF== Profiling "distribution_elementwise_grid..." - 21: 0%....50%....100% - 18 passes
==PROF== Profiling "vectorized_elementwise_kernel" - 22: 0%....50%....100% - 18 passes
==PROF== Profiling "unrolled_elementwise_kernel" - 23: 0%....50%....100% - 18 passes
==PROF== Profiling "vectorized_elementwise_kernel" - 24: 0%....50%....100% - 18 passes
==PROF== Profiling "reduce_kernel" - 25: 0%....50%....100% - 18 passes
==PROF== Profiling "vectorized_elementwise_kernel" - 26: 0%....50%....100% - 18 passes
==PROF== Profiling "vectorized_elementwise_kernel" - 27: 0%....50%....100% - 18 passes
==PROF== Profiling "elementwise_kernel" - 28: 0%....50%....100% - 18 passes
==PROF== Profiling "vectorized_elementwise_kernel" - 29: 0%....50%....100% - 18 passes
==PROF== Profiling "vectorized_elementwise_kernel" - 30: 0%....50%....100% - 18 passes
==PROF== Profiling "unrolled_elementwise_kernel" - 31: 0%....50%....100% - 18 passes
==PROF== Profiling "vectorized_elementwise_kernel" - 32: 0%....50%....100% - 18 passes
==PROF== Profiling "reduce_kernel" - 33: 0%....50%....100% - 18 passes
==PROF== Profiling "vectorized_elementwise_kernel" - 34: 0%....50%....100% - 18 passes
==PROF== Profiling "vectorized_elementwise_kernel" - 35: 0%....50%....100% - 18 passes
==PROF== Profiling "elementwise_kernel" - 36: 0%....50%....100% - 18 passes
==PROF== Profiling "vectorized_elementwise_kernel" - 37: 0%....50%....100% - 18 passes
==PROF== Profiling "ampere_fp16_s1688gemm_fp16_12..." - 38: 0%....50%....100% - 18 passes
==PROF== Profiling "ampere_fp16_s1688gemm_fp16_12..." - 39: 0%....50%....100% - 18 passes
==PROF== Profiling "ampere_fp16_s1688gemm_fp16_12..." - 40: 0%....50%....100% - 18 passes
==PROF== Profiling "elementwise_kernel" - 41: 0%....50%....100% - 18 passes
==PROF== Profiling "distribution_elementwise_grid..." - 42: 0%....50%....100% - 18 passes
==PROF== Profiling "vectorized_elementwise_kernel" - 43: 0%....50%....100% - 18 passes
==PROF== Profiling "unrolled_elementwise_kernel" - 44: 0%....50%....100% - 18 passes
==PROF== Profiling "vectorized_elementwise_kernel" - 45: 0%....50%....100% - 18 passes
==PROF== Profiling "reduce_kernel" - 46: 0%....50%....100% - 18 passes
==PROF== Profiling "vectorized_elementwise_kernel" - 47: 0%....50%....100% - 18 passes
==PROF== Profiling "vectorized_elementwise_kernel" - 48: 0%....50%....100% - 18 passes
==PROF== Profiling "elementwise_kernel" - 49: 0%....50%....100% - 18 passes
==PROF== Profiling "vectorized_elementwise_kernel" - 50: 0%....50%....100% - 18 passes
==PROF== Profiling "vectorized_elementwise_kernel" - 51: 0%....50%....100% - 18 passes
==PROF== Profiling "unrolled_elementwise_kernel" - 52: 0%....50%....100% - 18 passes
==PROF== Profiling "vectorized_elementwise_kernel" - 53: 0%....50%....100% - 18 passes
==PROF== Profiling "reduce_kernel" - 54: 0%....50%....100% - 18 passes
==PROF== Profiling "vectorized_elementwise_kernel" - 55: 0%....50%....100% - 18 passes
==PROF== Profiling "vectorized_elementwise_kernel" - 56: 0%....50%....100% - 18 passes
==PROF== Profiling "elementwise_kernel" - 57: 0%....50%....100% - 18 passes
==PROF== Profiling "vectorized_elementwise_kernel" - 58: 0%....50%....100% - 18 passes
==PROF== Profiling "ampere_fp16_s1688gemm_fp16_12..." - 59: 0%....50%....100% - 18 passes
==PROF== Profiling "ampere_fp16_s1688gemm_fp16_12..." - 60: 0%....50%....100% - 18 passes
==PROF== Profiling "ampere_fp16_s1688gemm_fp16_12..." - 61: 0%....50%....100% - 18 passes
==PROF== Profiling "elementwise_kernel" - 62: 0%....50%....100% - 18 passes
==PROF== Profiling "distribution_elementwise_grid..." - 63: 0%....50%....100% - 18 passes
==PROF== Profiling "vectorized_elementwise_kernel" - 64: 0%....50%....100% - 18 passes
==PROF== Profiling "unrolled_elementwise_kernel" - 65: 0%....50%....100% - 18 passes
==PROF== Profiling "vectorized_elementwise_kernel" - 66: 0%....50%....100% - 18 passes
==PROF== Profiling "reduce_kernel" - 67: 0%....50%....100% - 18 passes
==PROF== Profiling "vectorized_elementwise_kernel" - 68: 0%....50%....100% - 18 passes
==PROF== Profiling "vectorized_elementwise_kernel" - 69: 0%....50%....100% - 18 passes
==PROF== Profiling "elementwise_kernel" - 70: 0%....50%....100% - 18 passes
==PROF== Profiling "vectorized_elementwise_kernel" - 71: 0%....50%....100% - 18 passes
==PROF== Profiling "vectorized_elementwise_kernel" - 72: 0%....50%....100% - 18 passes
==PROF== Profiling "unrolled_elementwise_kernel" - 73: 0%....50%....100% - 18 passes
==PROF== Profiling "vectorized_elementwise_kernel" - 74: 0%....50%....100% - 18 passes
==PROF== Profiling "reduce_kernel" - 75: 0%....50%....100% - 18 passes
==PROF== Profiling "vectorized_elementwise_kernel" - 76: 0%....50%....100% - 18 passes
==PROF== Profiling "vectorized_elementwise_kernel" - 77: 0%....50%....100% - 18 passes
==PROF== Profiling "elementwise_kernel" - 78: 0%....50%....100% - 18 passes
==PROF== Profiling "vectorized_elementwise_kernel" - 79: 0%....50%....100% - 18 passes
==PROF== Profiling "ampere_fp16_s1688gemm_fp16_12..." - 80: 0%....50%....100% - 18 passes
==PROF== Profiling "ampere_fp16_s1688gemm_fp16_12..." - 81: 0%....50%....100% - 18 passes
==PROF== Profiling "ampere_fp16_s1688gemm_fp16_12..." - 82: 0%....50%....100% - 18 passes
==PROF== Profiling "elementwise_kernel" - 83: 0%....50%....100% - 18 passes
==PROF== Profiling "distribution_elementwise_grid..." - 84: 0%....50%....100% - 18 passes
==PROF== Profiling "vectorized_elementwise_kernel" - 85: 0%....50%....100% - 18 passes
==PROF== Profiling "unrolled_elementwise_kernel" - 86: 0%....50%....100% - 18 passes
==PROF== Profiling "vectorized_elementwise_kernel" - 87: 0%....50%....100% - 18 passes
==PROF== Profiling "reduce_kernel" - 88: 0%....50%....100% - 18 passes
==PROF== Profiling "vectorized_elementwise_kernel" - 89: 0%....50%....100% - 18 passes
==PROF== Profiling "vectorized_elementwise_kernel" - 90: 0%....50%....100% - 18 passes
==PROF== Profiling "elementwise_kernel" - 91: 0%....50%....100% - 18 passes
==PROF== Profiling "vectorized_elementwise_kernel" - 92: 0%....50%....100% - 18 passes
==PROF== Profiling "vectorized_elementwise_kernel" - 93: 0%....50%....100% - 18 passes
==PROF== Profiling "unrolled_elementwise_kernel" - 94: 0%....50%....100% - 18 passes
==PROF== Profiling "vectorized_elementwise_kernel" - 95: 0%....50%....100% - 18 passes
==PROF== Profiling "reduce_kernel" - 96: 0%....50%....100% - 18 passes
==PROF== Profiling "vectorized_elementwise_kernel" - 97: 0%....50%....100% - 18 passes
==PROF== Profiling "vectorized_elementwise_kernel" - 98: 0%....50%....100% - 18 passes
==PROF== Profiling "elementwise_kernel" - 99: 0%....50%....100% - 18 passes
==PROF== Profiling "vectorized_elementwise_kernel" - 100: 0%....50%....100% - 18 passes
==PROF== Profiling "ampere_fp16_s16816gemm_fp16_1..." - 101: 0%....50%....100% - 18 passes
==PROF== Profiling "ampere_fp16_s16816gemm_fp16_1..." - 102: 0%....50%....100% - 18 passes
==PROF== Profiling "ampere_fp16_s16816gemm_fp16_1..." - 103: 0%....50%....100% - 18 passes
==PROF== Profiling "elementwise_kernel" - 104: 0%....50%....100% - 18 passes
{
  "expected_operator_events": 40,
  "operator_events": 40,
  "total_events": 66
}
{
  "finished": 3397788552346,
  "measured_wall_ms": 58075.288473,
  "started": 3338659578817,
  "warmup_done": 3339713263873,
  "warmup_wall_ms": 1053.685056
}
/workspace/AgentSys/artifacts/gpu_autotrace/g04_ncu_hardware/planner_debate/native/run_metadata.json
==PROF== Disconnected from process 46772
==PROF== Report: /workspace/AgentSys/artifacts/gpu_autotrace/g04_ncu_hardware/planner_debate/planner_debate_measured_iter0.ncu-rep
