AGENTSYS_TISA_ISSUE call=0 cycle=7 index=0 engine=ve source=6 flow=0 stage=0 placement=1 preemptible=1 priority=0 duration=80
AGENTSYS_TISA_COMPLETE call=0 cycle=88 index=0 engine=ve source=6 checksum=c212bd8b717393da
AGENTSYS_TISA_ISSUE call=0 cycle=95 index=1 engine=ve source=7 flow=0 stage=0 placement=1 preemptible=1 priority=0 duration=80
AGENTSYS_TISA_ISSUE call=0 cycle=96 index=3 engine=me source=10 flow=0 stage=0 placement=0 preemptible=1 priority=0 duration=80
AGENTSYS_TISA_COMPLETE call=0 cycle=176 index=1 engine=ve source=7 checksum=c312bdcf7173d08a
AGENTSYS_TISA_COMPLETE call=0 cycle=177 index=3 engine=me source=10 checksum=71f35147bb273fec
AGENTSYS_TISA_ISSUE call=0 cycle=184 index=4 engine=me source=11 flow=0 stage=0 placement=0 preemptible=1 priority=0 duration=80
AGENTSYS_TISA_ISSUE call=0 cycle=184 index=2 engine=ve source=8 flow=0 stage=0 placement=1 preemptible=1 priority=0 duration=80
AGENTSYS_TISA_ISSUE call=0 cycle=185 index=6 engine=de source=13 flow=0 stage=1 placement=2 preemptible=1 priority=0 duration=80
AGENTSYS_TISA_COMPLETE call=0 cycle=265 index=4 engine=me source=11 checksum=56cea6b071e013a5
AGENTSYS_TISA_COMPLETE call=0 cycle=265 index=2 engine=ve source=8 checksum=c012be0b71701098
AGENTSYS_TISA_COMPLETE call=0 cycle=266 index=6 engine=de source=13 checksum=5f00093ba8ce052f
AGENTSYS_TISA_ISSUE call=0 cycle=272 index=5 engine=me source=12 flow=0 stage=0 placement=0 preemptible=1 priority=0 duration=80
AGENTSYS_TISA_ISSUE call=0 cycle=274 index=7 engine=de source=14 flow=0 stage=1 placement=2 preemptible=1 priority=0 duration=80
AGENTSYS_TISA_COMPLETE call=0 cycle=353 index=5 engine=me source=12 checksum=2ae0d76587c148c3
AGENTSYS_TISA_COMPLETE call=0 cycle=355 index=7 engine=de source=14 checksum=5e0009f7a8cec497
AGENTSYS_TISA_ISSUE call=1 cycle=7 index=0 engine=ve source=6 flow=1 stage=0 placement=1 preemptible=1 priority=2 duration=80
AGENTSYS_TISA_COMPLETE call=1 cycle=88 index=0 engine=ve source=6 checksum=c2129d8b71739bda
AGENTSYS_TISA_ISSUE call=1 cycle=95 index=1 engine=ve source=7 flow=1 stage=0 placement=1 preemptible=1 priority=2 duration=80
AGENTSYS_TISA_ISSUE call=1 cycle=96 index=3 engine=me source=10 flow=1 stage=0 placement=0 preemptible=1 priority=2 duration=80
AGENTSYS_TISA_COMPLETE call=1 cycle=176 index=1 engine=ve source=7 checksum=c3129dcf7173d88a
AGENTSYS_TISA_COMPLETE call=1 cycle=177 index=3 engine=me source=10 checksum=186d69d0ebf48c33
AGENTSYS_TISA_ISSUE call=1 cycle=184 index=4 engine=me source=11 flow=1 stage=0 placement=0 preemptible=1 priority=2 duration=80
AGENTSYS_TISA_ISSUE call=1 cycle=184 index=2 engine=ve source=8 flow=1 stage=0 placement=1 preemptible=1 priority=2 duration=80
AGENTSYS_TISA_ISSUE call=1 cycle=185 index=6 engine=de source=13 flow=1 stage=1 placement=2 preemptible=1 priority=2 duration=80
AGENTSYS_TISA_COMPLETE call=1 cycle=265 index=4 engine=me source=11 checksum=ceb594ba0789e218
AGENTSYS_TISA_COMPLETE call=1 cycle=265 index=2 engine=ve source=8 checksum=c0129e0b71701898
AGENTSYS_TISA_COMPLETE call=1 cycle=266 index=6 engine=de source=13 checksum=5f00293ba8ce0d2f
AGENTSYS_TISA_ISSUE call=1 cycle=272 index=5 engine=me source=12 flow=1 stage=0 placement=0 preemptible=1 priority=2 duration=80
AGENTSYS_TISA_ISSUE call=1 cycle=274 index=7 engine=de source=14 flow=1 stage=1 placement=2 preemptible=1 priority=2 duration=80
AGENTSYS_TISA_COMPLETE call=1 cycle=353 index=5 engine=me source=12 checksum=73359c46b70aaa41
AGENTSYS_TISA_COMPLETE call=1 cycle=355 index=7 engine=de source=14 checksum=5e0029f7a8cecc97
AGENTSYS_TISA_ISSUE call=2 cycle=7 index=0 engine=ve source=6 flow=1 stage=0 placement=1 preemptible=1 priority=2 duration=80
AGENTSYS_TISA_COMPLETE call=2 cycle=88 index=0 engine=ve source=6 checksum=c2129d8b71739bda
AGENTSYS_TISA_ISSUE call=2 cycle=95 index=1 engine=ve source=7 flow=1 stage=0 placement=1 preemptible=1 priority=2 duration=80
AGENTSYS_TISA_ISSUE call=2 cycle=96 index=3 engine=me source=10 flow=1 stage=0 placement=0 preemptible=1 priority=2 duration=80
AGENTSYS_TISA_COMPLETE call=2 cycle=176 index=1 engine=ve source=7 checksum=c3129dcf7173d88a
AGENTSYS_TISA_COMPLETE call=2 cycle=177 index=3 engine=me source=10 checksum=186d69d0ebf48c33
AGENTSYS_TISA_ISSUE call=2 cycle=184 index=4 engine=me source=11 flow=1 stage=0 placement=0 preemptible=1 priority=2 duration=80
AGENTSYS_TISA_ISSUE call=2 cycle=184 index=2 engine=ve source=8 flow=1 stage=0 placement=1 preemptible=1 priority=2 duration=80
AGENTSYS_TISA_ISSUE call=2 cycle=185 index=6 engine=de source=13 flow=1 stage=1 placement=2 preemptible=1 priority=2 duration=80
AGENTSYS_TISA_COMPLETE call=2 cycle=265 index=4 engine=me source=11 checksum=ceb594ba0789e218
AGENTSYS_TISA_COMPLETE call=2 cycle=265 index=2 engine=ve source=8 checksum=c0129e0b71701898
AGENTSYS_TISA_COMPLETE call=2 cycle=266 index=6 engine=de source=13 checksum=5f00293ba8ce0d2f
AGENTSYS_TISA_ISSUE call=2 cycle=272 index=5 engine=me source=12 flow=1 stage=0 placement=0 preemptible=1 priority=2 duration=80
AGENTSYS_TISA_ISSUE call=2 cycle=274 index=7 engine=de source=14 flow=1 stage=1 placement=2 preemptible=1 priority=2 duration=80
AGENTSYS_TISA_COMPLETE call=2 cycle=353 index=5 engine=me source=12 checksum=73359c46b70aaa41
AGENTSYS_TISA_COMPLETE call=2 cycle=355 index=7 engine=de source=14 checksum=5e0029f7a8cecc97
AGENTSYS_TISA_ISSUE call=3 cycle=7 index=0 engine=ve source=6 flow=1 stage=0 placement=1 preemptible=1 priority=2 duration=80
AGENTSYS_TISA_COMPLETE call=3 cycle=88 index=0 engine=ve source=6 checksum=c2129d8b71739bda
AGENTSYS_TISA_ISSUE call=3 cycle=95 index=1 engine=ve source=7 flow=1 stage=0 placement=1 preemptible=1 priority=2 duration=80
AGENTSYS_TISA_ISSUE call=3 cycle=96 index=3 engine=me source=10 flow=1 stage=0 placement=0 preemptible=1 priority=2 duration=80
AGENTSYS_TISA_COMPLETE call=3 cycle=176 index=1 engine=ve source=7 checksum=c3129dcf7173d88a
AGENTSYS_TISA_COMPLETE call=3 cycle=177 index=3 engine=me source=10 checksum=186d69d0ebf48c33
AGENTSYS_TISA_ISSUE call=3 cycle=184 index=4 engine=me source=11 flow=1 stage=0 placement=0 preemptible=1 priority=2 duration=80
AGENTSYS_TISA_ISSUE call=3 cycle=184 index=2 engine=ve source=8 flow=1 stage=0 placement=1 preemptible=1 priority=2 duration=80
AGENTSYS_TISA_ISSUE call=3 cycle=185 index=6 engine=de source=13 flow=1 stage=1 placement=2 preemptible=1 priority=2 duration=80
AGENTSYS_TISA_COMPLETE call=3 cycle=265 index=4 engine=me source=11 checksum=ceb594ba0789e218
AGENTSYS_TISA_COMPLETE call=3 cycle=265 index=2 engine=ve source=8 checksum=c0129e0b71701898
AGENTSYS_TISA_COMPLETE call=3 cycle=266 index=6 engine=de source=13 checksum=5f00293ba8ce0d2f
AGENTSYS_TISA_ISSUE call=3 cycle=272 index=5 engine=me source=12 flow=1 stage=0 placement=0 preemptible=1 priority=2 duration=80
AGENTSYS_TISA_ISSUE call=3 cycle=274 index=7 engine=de source=14 flow=1 stage=1 placement=2 preemptible=1 priority=2 duration=80
AGENTSYS_TISA_COMPLETE call=3 cycle=353 index=5 engine=me source=12 checksum=73359c46b70aaa41
AGENTSYS_TISA_COMPLETE call=3 cycle=355 index=7 engine=de source=14 checksum=5e0029f7a8cecc97
AGENTSYS_TISA_ISSUE call=4 cycle=7 index=0 engine=ve source=6 flow=1 stage=0 placement=1 preemptible=1 priority=2 duration=80
AGENTSYS_TISA_COMPLETE call=4 cycle=88 index=0 engine=ve source=6 checksum=c2129d8b71739bda
AGENTSYS_TISA_ISSUE call=4 cycle=95 index=1 engine=ve source=7 flow=1 stage=0 placement=1 preemptible=1 priority=2 duration=80
AGENTSYS_TISA_ISSUE call=4 cycle=96 index=3 engine=me source=10 flow=1 stage=0 placement=0 preemptible=1 priority=2 duration=80
AGENTSYS_TISA_COMPLETE call=4 cycle=176 index=1 engine=ve source=7 checksum=c3129dcf7173d88a
AGENTSYS_TISA_COMPLETE call=4 cycle=177 index=3 engine=me source=10 checksum=186d69d0ebf48c33
AGENTSYS_TISA_ISSUE call=4 cycle=184 index=4 engine=me source=11 flow=1 stage=0 placement=0 preemptible=1 priority=2 duration=80
AGENTSYS_TISA_ISSUE call=4 cycle=184 index=2 engine=ve source=8 flow=1 stage=0 placement=1 preemptible=1 priority=2 duration=80
AGENTSYS_TISA_ISSUE call=4 cycle=185 index=6 engine=de source=13 flow=1 stage=1 placement=2 preemptible=1 priority=2 duration=80
AGENTSYS_TISA_COMPLETE call=4 cycle=265 index=4 engine=me source=11 checksum=ceb594ba0789e218
AGENTSYS_TISA_COMPLETE call=4 cycle=265 index=2 engine=ve source=8 checksum=c0129e0b71701898
AGENTSYS_TISA_COMPLETE call=4 cycle=266 index=6 engine=de source=13 checksum=5f00293ba8ce0d2f
AGENTSYS_TISA_ISSUE call=4 cycle=272 index=5 engine=me source=12 flow=1 stage=0 placement=0 preemptible=1 priority=2 duration=80
AGENTSYS_TISA_ISSUE call=4 cycle=274 index=7 engine=de source=14 flow=1 stage=1 placement=2 preemptible=1 priority=2 duration=80
AGENTSYS_TISA_COMPLETE call=4 cycle=353 index=5 engine=me source=12 checksum=73359c46b70aaa41
AGENTSYS_TISA_COMPLETE call=4 cycle=355 index=7 engine=de source=14 checksum=5e0029f7a8cecc97
AGENTSYS_TISA_ISSUE call=6 cycle=7 index=0 engine=ve source=6 flow=0 stage=0 placement=1 preemptible=1 priority=0 duration=80
AGENTSYS_TISA_COMPLETE call=6 cycle=88 index=0 engine=ve source=6 checksum=c212bd8b717393da
AGENTSYS_TISA_ISSUE call=6 cycle=95 index=1 engine=ve source=7 flow=0 stage=0 placement=1 preemptible=1 priority=0 duration=80
AGENTSYS_TISA_ISSUE call=6 cycle=96 index=3 engine=me source=10 flow=0 stage=0 placement=0 preemptible=1 priority=0 duration=80
AGENTSYS_TISA_COMPLETE call=6 cycle=176 index=1 engine=ve source=7 checksum=c312bdcf7173d08a
AGENTSYS_TISA_COMPLETE call=6 cycle=177 index=3 engine=me source=10 checksum=71f35147bb273fec
AGENTSYS_TISA_ISSUE call=6 cycle=184 index=4 engine=me source=11 flow=0 stage=0 placement=0 preemptible=1 priority=0 duration=80
AGENTSYS_TISA_ISSUE call=6 cycle=184 index=2 engine=ve source=8 flow=0 stage=0 placement=1 preemptible=1 priority=0 duration=80
AGENTSYS_TISA_ISSUE call=6 cycle=185 index=6 engine=de source=13 flow=0 stage=1 placement=2 preemptible=1 priority=0 duration=80
AGENTSYS_TISA_COMPLETE call=6 cycle=265 index=4 engine=me source=11 checksum=56cea6b071e013a5
AGENTSYS_TISA_COMPLETE call=6 cycle=265 index=2 engine=ve source=8 checksum=c012be0b71701098
AGENTSYS_TISA_COMPLETE call=6 cycle=266 index=6 engine=de source=13 checksum=5f00093ba8ce052f
AGENTSYS_TISA_ISSUE call=6 cycle=272 index=5 engine=me source=12 flow=0 stage=0 placement=0 preemptible=1 priority=0 duration=80
AGENTSYS_TISA_ISSUE call=6 cycle=274 index=7 engine=de source=14 flow=0 stage=1 placement=2 preemptible=1 priority=0 duration=80
AGENTSYS_TISA_COMPLETE call=6 cycle=353 index=5 engine=me source=12 checksum=2ae0d76587c148c3
AGENTSYS_TISA_COMPLETE call=6 cycle=355 index=7 engine=de source=14 checksum=5e0009f7a8cec497
AGENTSYS_TISA_ISSUE call=7 cycle=7 index=0 engine=ve source=6 flow=1 stage=0 placement=1 preemptible=1 priority=2 duration=80
AGENTSYS_TISA_COMPLETE call=7 cycle=88 index=0 engine=ve source=6 checksum=c2129d8b71739bda
AGENTSYS_TISA_ISSUE call=7 cycle=95 index=1 engine=ve source=7 flow=1 stage=0 placement=1 preemptible=1 priority=2 duration=80
AGENTSYS_TISA_ISSUE call=7 cycle=96 index=3 engine=me source=10 flow=1 stage=0 placement=0 preemptible=1 priority=2 duration=80
AGENTSYS_TISA_COMPLETE call=7 cycle=176 index=1 engine=ve source=7 checksum=c3129dcf7173d88a
AGENTSYS_TISA_COMPLETE call=7 cycle=177 index=3 engine=me source=10 checksum=186d69d0ebf48c33
AGENTSYS_TISA_ISSUE call=7 cycle=184 index=4 engine=me source=11 flow=1 stage=0 placement=0 preemptible=1 priority=2 duration=80
AGENTSYS_TISA_ISSUE call=7 cycle=184 index=2 engine=ve source=8 flow=1 stage=0 placement=1 preemptible=1 priority=2 duration=80
AGENTSYS_TISA_ISSUE call=7 cycle=185 index=6 engine=de source=13 flow=1 stage=1 placement=2 preemptible=1 priority=2 duration=80
AGENTSYS_TISA_COMPLETE call=7 cycle=265 index=4 engine=me source=11 checksum=ceb594ba0789e218
AGENTSYS_TISA_COMPLETE call=7 cycle=265 index=2 engine=ve source=8 checksum=c0129e0b71701898
AGENTSYS_TISA_COMPLETE call=7 cycle=266 index=6 engine=de source=13 checksum=5f00293ba8ce0d2f
AGENTSYS_TISA_ISSUE call=7 cycle=272 index=5 engine=me source=12 flow=1 stage=0 placement=0 preemptible=1 priority=2 duration=80
AGENTSYS_TISA_ISSUE call=7 cycle=274 index=7 engine=de source=14 flow=1 stage=1 placement=2 preemptible=1 priority=2 duration=80
AGENTSYS_TISA_COMPLETE call=7 cycle=353 index=5 engine=me source=12 checksum=73359c46b70aaa41
AGENTSYS_TISA_COMPLETE call=7 cycle=355 index=7 engine=de source=14 checksum=5e0029f7a8cecc97
AGENTSYS_TISA_ISSUE call=8 cycle=7 index=0 engine=ve source=6 flow=1 stage=0 placement=1 preemptible=1 priority=2 duration=80
AGENTSYS_TISA_COMPLETE call=8 cycle=88 index=0 engine=ve source=6 checksum=c2129d8b71739bda
AGENTSYS_TISA_ISSUE call=8 cycle=95 index=1 engine=ve source=7 flow=1 stage=0 placement=1 preemptible=1 priority=2 duration=80
AGENTSYS_TISA_ISSUE call=8 cycle=96 index=3 engine=me source=10 flow=1 stage=0 placement=0 preemptible=1 priority=2 duration=80
AGENTSYS_TISA_COMPLETE call=8 cycle=176 index=1 engine=ve source=7 checksum=c3129dcf7173d88a
AGENTSYS_TISA_COMPLETE call=8 cycle=177 index=3 engine=me source=10 checksum=186d69d0ebf48c33
AGENTSYS_TISA_ISSUE call=8 cycle=184 index=4 engine=me source=11 flow=1 stage=0 placement=0 preemptible=1 priority=2 duration=80
AGENTSYS_TISA_ISSUE call=8 cycle=184 index=2 engine=ve source=8 flow=1 stage=0 placement=1 preemptible=1 priority=2 duration=80
AGENTSYS_TISA_ISSUE call=8 cycle=185 index=6 engine=de source=13 flow=1 stage=1 placement=2 preemptible=1 priority=2 duration=80
AGENTSYS_TISA_COMPLETE call=8 cycle=265 index=4 engine=me source=11 checksum=ceb594ba0789e218
AGENTSYS_TISA_COMPLETE call=8 cycle=265 index=2 engine=ve source=8 checksum=c0129e0b71701898
AGENTSYS_TISA_COMPLETE call=8 cycle=266 index=6 engine=de source=13 checksum=5f00293ba8ce0d2f
AGENTSYS_TISA_ISSUE call=8 cycle=272 index=5 engine=me source=12 flow=1 stage=0 placement=0 preemptible=1 priority=2 duration=80
AGENTSYS_TISA_ISSUE call=8 cycle=274 index=7 engine=de source=14 flow=1 stage=1 placement=2 preemptible=1 priority=2 duration=80
AGENTSYS_TISA_COMPLETE call=8 cycle=353 index=5 engine=me source=12 checksum=73359c46b70aaa41
AGENTSYS_TISA_COMPLETE call=8 cycle=355 index=7 engine=de source=14 checksum=5e0029f7a8cecc97
AGENTSYS_TISA_ISSUE call=9 cycle=7 index=0 engine=ve source=6 flow=1 stage=0 placement=1 preemptible=1 priority=2 duration=80
AGENTSYS_TISA_COMPLETE call=9 cycle=88 index=0 engine=ve source=6 checksum=c2129d8b71739bda
AGENTSYS_TISA_ISSUE call=9 cycle=95 index=1 engine=ve source=7 flow=1 stage=0 placement=1 preemptible=1 priority=2 duration=80
AGENTSYS_TISA_ISSUE call=9 cycle=96 index=3 engine=me source=10 flow=1 stage=0 placement=0 preemptible=1 priority=2 duration=80
AGENTSYS_TISA_COMPLETE call=9 cycle=176 index=1 engine=ve source=7 checksum=c3129dcf7173d88a
AGENTSYS_TISA_COMPLETE call=9 cycle=177 index=3 engine=me source=10 checksum=186d69d0ebf48c33
AGENTSYS_TISA_ISSUE call=9 cycle=184 index=4 engine=me source=11 flow=1 stage=0 placement=0 preemptible=1 priority=2 duration=80
AGENTSYS_TISA_ISSUE call=9 cycle=184 index=2 engine=ve source=8 flow=1 stage=0 placement=1 preemptible=1 priority=2 duration=80
AGENTSYS_TISA_ISSUE call=9 cycle=185 index=6 engine=de source=13 flow=1 stage=1 placement=2 preemptible=1 priority=2 duration=80
AGENTSYS_TISA_COMPLETE call=9 cycle=265 index=4 engine=me source=11 checksum=ceb594ba0789e218
AGENTSYS_TISA_COMPLETE call=9 cycle=265 index=2 engine=ve source=8 checksum=c0129e0b71701898
AGENTSYS_TISA_COMPLETE call=9 cycle=266 index=6 engine=de source=13 checksum=5f00293ba8ce0d2f
AGENTSYS_TISA_ISSUE call=9 cycle=272 index=5 engine=me source=12 flow=1 stage=0 placement=0 preemptible=1 priority=2 duration=80
AGENTSYS_TISA_ISSUE call=9 cycle=274 index=7 engine=de source=14 flow=1 stage=1 placement=2 preemptible=1 priority=2 duration=80
AGENTSYS_TISA_COMPLETE call=9 cycle=353 index=5 engine=me source=12 checksum=73359c46b70aaa41
AGENTSYS_TISA_COMPLETE call=9 cycle=355 index=7 engine=de source=14 checksum=5e0029f7a8cecc97
AGENTSYS_TISA_ISSUE call=10 cycle=7 index=0 engine=ve source=6 flow=1 stage=0 placement=1 preemptible=1 priority=2 duration=80
AGENTSYS_TISA_COMPLETE call=10 cycle=88 index=0 engine=ve source=6 checksum=c2129d8b71739bda
AGENTSYS_TISA_ISSUE call=10 cycle=95 index=1 engine=ve source=7 flow=1 stage=0 placement=1 preemptible=1 priority=2 duration=80
AGENTSYS_TISA_ISSUE call=10 cycle=96 index=3 engine=me source=10 flow=1 stage=0 placement=0 preemptible=1 priority=2 duration=80
AGENTSYS_TISA_COMPLETE call=10 cycle=176 index=1 engine=ve source=7 checksum=c3129dcf7173d88a
AGENTSYS_TISA_COMPLETE call=10 cycle=177 index=3 engine=me source=10 checksum=186d69d0ebf48c33
AGENTSYS_TISA_ISSUE call=10 cycle=184 index=4 engine=me source=11 flow=1 stage=0 placement=0 preemptible=1 priority=2 duration=80
AGENTSYS_TISA_ISSUE call=10 cycle=184 index=2 engine=ve source=8 flow=1 stage=0 placement=1 preemptible=1 priority=2 duration=80
AGENTSYS_TISA_ISSUE call=10 cycle=185 index=6 engine=de source=13 flow=1 stage=1 placement=2 preemptible=1 priority=2 duration=80
AGENTSYS_TISA_COMPLETE call=10 cycle=265 index=4 engine=me source=11 checksum=ceb594ba0789e218
AGENTSYS_TISA_COMPLETE call=10 cycle=265 index=2 engine=ve source=8 checksum=c0129e0b71701898
AGENTSYS_TISA_COMPLETE call=10 cycle=266 index=6 engine=de source=13 checksum=5f00293ba8ce0d2f
AGENTSYS_TISA_ISSUE call=10 cycle=272 index=5 engine=me source=12 flow=1 stage=0 placement=0 preemptible=1 priority=2 duration=80
AGENTSYS_TISA_ISSUE call=10 cycle=274 index=7 engine=de source=14 flow=1 stage=1 placement=2 preemptible=1 priority=2 duration=80
AGENTSYS_TISA_COMPLETE call=10 cycle=353 index=5 engine=me source=12 checksum=73359c46b70aaa41
AGENTSYS_TISA_COMPLETE call=10 cycle=355 index=7 engine=de source=14 checksum=5e0029f7a8cecc97
