make: Entering directory '/tmp/hptpe-opt2-t7nvoe43/obj'
g++ -Os  -I.  -MMD -I/workspace/AgentSys/.references/verilator5/include -I/workspace/AgentSys/.references/verilator5/include/vltstd -DVERILATOR=1 -DVM_COVERAGE=0 -DVM_SC=0 -DVM_TIMING=1 -DVM_TRACE=0 -DVM_TRACE_FST=0 -DVM_TRACE_VCD=0 -DVM_TRACE_SAIF=0 -DVM_VPI=0 -faligned-new -fcf-protection=none -Wno-bool-operation -Wno-int-in-bool-context -Wno-shadow -Wno-sign-compare -Wno-subobject-linkage -Wno-tautological-compare -Wno-uninitialized -Wno-unused-but-set-parameter -Wno-unused-but-set-variable -Wno-unused-parameter -Wno-unused-variable    -DVL_TIME_CONTEXT   -fcoroutines -c -o verilated.o /workspace/AgentSys/.references/verilator5/include/verilated.cpp
g++ -Os  -I.  -MMD -I/workspace/AgentSys/.references/verilator5/include -I/workspace/AgentSys/.references/verilator5/include/vltstd -DVERILATOR=1 -DVM_COVERAGE=0 -DVM_SC=0 -DVM_TIMING=1 -DVM_TRACE=0 -DVM_TRACE_FST=0 -DVM_TRACE_VCD=0 -DVM_TRACE_SAIF=0 -DVM_VPI=0 -faligned-new -fcf-protection=none -Wno-bool-operation -Wno-int-in-bool-context -Wno-shadow -Wno-sign-compare -Wno-subobject-linkage -Wno-tautological-compare -Wno-uninitialized -Wno-unused-but-set-parameter -Wno-unused-but-set-variable -Wno-unused-parameter -Wno-unused-variable    -DVL_TIME_CONTEXT   -fcoroutines -c -o verilated_timing.o /workspace/AgentSys/.references/verilator5/include/verilated_timing.cpp
g++ -Os  -I.  -MMD -I/workspace/AgentSys/.references/verilator5/include -I/workspace/AgentSys/.references/verilator5/include/vltstd -DVERILATOR=1 -DVM_COVERAGE=0 -DVM_SC=0 -DVM_TIMING=1 -DVM_TRACE=0 -DVM_TRACE_FST=0 -DVM_TRACE_VCD=0 -DVM_TRACE_SAIF=0 -DVM_VPI=0 -faligned-new -fcf-protection=none -Wno-bool-operation -Wno-int-in-bool-context -Wno-shadow -Wno-sign-compare -Wno-subobject-linkage -Wno-tautological-compare -Wno-uninitialized -Wno-unused-but-set-parameter -Wno-unused-but-set-variable -Wno-unused-parameter -Wno-unused-variable    -DVL_TIME_CONTEXT   -fcoroutines -c -o verilated_threads.o /workspace/AgentSys/.references/verilator5/include/verilated_threads.cpp
g++ -Os  -I.  -MMD -I/workspace/AgentSys/.references/verilator5/include -I/workspace/AgentSys/.references/verilator5/include/vltstd -DVERILATOR=1 -DVM_COVERAGE=0 -DVM_SC=0 -DVM_TIMING=1 -DVM_TRACE=0 -DVM_TRACE_FST=0 -DVM_TRACE_VCD=0 -DVM_TRACE_SAIF=0 -DVM_VPI=0 -faligned-new -fcf-protection=none -Wno-bool-operation -Wno-int-in-bool-context -Wno-shadow -Wno-sign-compare -Wno-subobject-linkage -Wno-tautological-compare -Wno-uninitialized -Wno-unused-but-set-parameter -Wno-unused-but-set-variable -Wno-unused-parameter -Wno-unused-variable    -DVL_TIME_CONTEXT   -fcoroutines -x c++-header Vtest_opt2ws_array__pch.h -o Vtest_opt2ws_array__pch.h.fast.gch
g++   -I.  -MMD -I/workspace/AgentSys/.references/verilator5/include -I/workspace/AgentSys/.references/verilator5/include/vltstd -DVERILATOR=1 -DVM_COVERAGE=0 -DVM_SC=0 -DVM_TIMING=1 -DVM_TRACE=0 -DVM_TRACE_FST=0 -DVM_TRACE_VCD=0 -DVM_TRACE_SAIF=0 -DVM_VPI=0 -faligned-new -fcf-protection=none -Wno-bool-operation -Wno-int-in-bool-context -Wno-shadow -Wno-sign-compare -Wno-subobject-linkage -Wno-tautological-compare -Wno-uninitialized -Wno-unused-but-set-parameter -Wno-unused-but-set-variable -Wno-unused-parameter -Wno-unused-variable    -DVL_TIME_CONTEXT   -fcoroutines -x c++-header Vtest_opt2ws_array__pch.h -o Vtest_opt2ws_array__pch.h.slow.gch
g++ -Os  -I.  -MMD -I/workspace/AgentSys/.references/verilator5/include -I/workspace/AgentSys/.references/verilator5/include/vltstd -DVERILATOR=1 -DVM_COVERAGE=0 -DVM_SC=0 -DVM_TIMING=1 -DVM_TRACE=0 -DVM_TRACE_FST=0 -DVM_TRACE_VCD=0 -DVM_TRACE_SAIF=0 -DVM_VPI=0 -faligned-new -fcf-protection=none -Wno-bool-operation -Wno-int-in-bool-context -Wno-shadow -Wno-sign-compare -Wno-subobject-linkage -Wno-tautological-compare -Wno-uninitialized -Wno-unused-but-set-parameter -Wno-unused-but-set-variable -Wno-unused-parameter -Wno-unused-variable    -DVL_TIME_CONTEXT   -fcoroutines -include Vtest_opt2ws_array__pch.h.fast -c Vtest_opt2ws_array.cpp
g++ -Os  -I.  -MMD -I/workspace/AgentSys/.references/verilator5/include -I/workspace/AgentSys/.references/verilator5/include/vltstd -DVERILATOR=1 -DVM_COVERAGE=0 -DVM_SC=0 -DVM_TIMING=1 -DVM_TRACE=0 -DVM_TRACE_FST=0 -DVM_TRACE_VCD=0 -DVM_TRACE_SAIF=0 -DVM_VPI=0 -faligned-new -fcf-protection=none -Wno-bool-operation -Wno-int-in-bool-context -Wno-shadow -Wno-sign-compare -Wno-subobject-linkage -Wno-tautological-compare -Wno-uninitialized -Wno-unused-but-set-parameter -Wno-unused-but-set-variable -Wno-unused-parameter -Wno-unused-variable    -DVL_TIME_CONTEXT   -fcoroutines -include Vtest_opt2ws_array__pch.h.fast -c Vtest_opt2ws_array___024root__0.cpp
g++ -Os  -I.  -MMD -I/workspace/AgentSys/.references/verilator5/include -I/workspace/AgentSys/.references/verilator5/include/vltstd -DVERILATOR=1 -DVM_COVERAGE=0 -DVM_SC=0 -DVM_TIMING=1 -DVM_TRACE=0 -DVM_TRACE_FST=0 -DVM_TRACE_VCD=0 -DVM_TRACE_SAIF=0 -DVM_VPI=0 -faligned-new -fcf-protection=none -Wno-bool-operation -Wno-int-in-bool-context -Wno-shadow -Wno-sign-compare -Wno-subobject-linkage -Wno-tautological-compare -Wno-uninitialized -Wno-unused-but-set-parameter -Wno-unused-but-set-variable -Wno-unused-parameter -Wno-unused-variable    -DVL_TIME_CONTEXT   -fcoroutines -include Vtest_opt2ws_array__pch.h.fast -c Vtest_opt2ws_array_top_pe_tile__0.cpp
g++ -Os  -I.  -MMD -I/workspace/AgentSys/.references/verilator5/include -I/workspace/AgentSys/.references/verilator5/include/vltstd -DVERILATOR=1 -DVM_COVERAGE=0 -DVM_SC=0 -DVM_TIMING=1 -DVM_TRACE=0 -DVM_TRACE_FST=0 -DVM_TRACE_VCD=0 -DVM_TRACE_SAIF=0 -DVM_VPI=0 -faligned-new -fcf-protection=none -Wno-bool-operation -Wno-int-in-bool-context -Wno-shadow -Wno-sign-compare -Wno-subobject-linkage -Wno-tautological-compare -Wno-uninitialized -Wno-unused-but-set-parameter -Wno-unused-but-set-variable -Wno-unused-parameter -Wno-unused-variable    -DVL_TIME_CONTEXT   -fcoroutines -include Vtest_opt2ws_array__pch.h.fast -c Vtest_opt2ws_array_partial_product_select__0.cpp
g++ -Os  -I.  -MMD -I/workspace/AgentSys/.references/verilator5/include -I/workspace/AgentSys/.references/verilator5/include/vltstd -DVERILATOR=1 -DVM_COVERAGE=0 -DVM_SC=0 -DVM_TIMING=1 -DVM_TRACE=0 -DVM_TRACE_FST=0 -DVM_TRACE_VCD=0 -DVM_TRACE_SAIF=0 -DVM_VPI=0 -faligned-new -fcf-protection=none -Wno-bool-operation -Wno-int-in-bool-context -Wno-shadow -Wno-sign-compare -Wno-subobject-linkage -Wno-tautological-compare -Wno-uninitialized -Wno-unused-but-set-parameter -Wno-unused-but-set-variable -Wno-unused-parameter -Wno-unused-variable    -DVL_TIME_CONTEXT   -fcoroutines -include Vtest_opt2ws_array__pch.h.fast -c Vtest_opt2ws_array_partial_product_select__1.cpp
g++ -Os  -I.  -MMD -I/workspace/AgentSys/.references/verilator5/include -I/workspace/AgentSys/.references/verilator5/include/vltstd -DVERILATOR=1 -DVM_COVERAGE=0 -DVM_SC=0 -DVM_TIMING=1 -DVM_TRACE=0 -DVM_TRACE_FST=0 -DVM_TRACE_VCD=0 -DVM_TRACE_SAIF=0 -DVM_VPI=0 -faligned-new -fcf-protection=none -Wno-bool-operation -Wno-int-in-bool-context -Wno-shadow -Wno-sign-compare -Wno-subobject-linkage -Wno-tautological-compare -Wno-uninitialized -Wno-unused-but-set-parameter -Wno-unused-but-set-variable -Wno-unused-parameter -Wno-unused-variable    -DVL_TIME_CONTEXT   -fcoroutines -include Vtest_opt2ws_array__pch.h.fast -c Vtest_opt2ws_array__main.cpp
g++   -I.  -MMD -I/workspace/AgentSys/.references/verilator5/include -I/workspace/AgentSys/.references/verilator5/include/vltstd -DVERILATOR=1 -DVM_COVERAGE=0 -DVM_SC=0 -DVM_TIMING=1 -DVM_TRACE=0 -DVM_TRACE_FST=0 -DVM_TRACE_VCD=0 -DVM_TRACE_SAIF=0 -DVM_VPI=0 -faligned-new -fcf-protection=none -Wno-bool-operation -Wno-int-in-bool-context -Wno-shadow -Wno-sign-compare -Wno-subobject-linkage -Wno-tautological-compare -Wno-uninitialized -Wno-unused-but-set-parameter -Wno-unused-but-set-variable -Wno-unused-parameter -Wno-unused-variable    -DVL_TIME_CONTEXT   -fcoroutines -include Vtest_opt2ws_array__pch.h.slow -c Vtest_opt2ws_array__ConstPool__0__Slow.cpp
g++   -I.  -MMD -I/workspace/AgentSys/.references/verilator5/include -I/workspace/AgentSys/.references/verilator5/include/vltstd -DVERILATOR=1 -DVM_COVERAGE=0 -DVM_SC=0 -DVM_TIMING=1 -DVM_TRACE=0 -DVM_TRACE_FST=0 -DVM_TRACE_VCD=0 -DVM_TRACE_SAIF=0 -DVM_VPI=0 -faligned-new -fcf-protection=none -Wno-bool-operation -Wno-int-in-bool-context -Wno-shadow -Wno-sign-compare -Wno-subobject-linkage -Wno-tautological-compare -Wno-uninitialized -Wno-unused-but-set-parameter -Wno-unused-but-set-variable -Wno-unused-parameter -Wno-unused-variable    -DVL_TIME_CONTEXT   -fcoroutines -include Vtest_opt2ws_array__pch.h.slow -c Vtest_opt2ws_array___024root__Slow.cpp
g++   -I.  -MMD -I/workspace/AgentSys/.references/verilator5/include -I/workspace/AgentSys/.references/verilator5/include/vltstd -DVERILATOR=1 -DVM_COVERAGE=0 -DVM_SC=0 -DVM_TIMING=1 -DVM_TRACE=0 -DVM_TRACE_FST=0 -DVM_TRACE_VCD=0 -DVM_TRACE_SAIF=0 -DVM_VPI=0 -faligned-new -fcf-protection=none -Wno-bool-operation -Wno-int-in-bool-context -Wno-shadow -Wno-sign-compare -Wno-subobject-linkage -Wno-tautological-compare -Wno-uninitialized -Wno-unused-but-set-parameter -Wno-unused-but-set-variable -Wno-unused-parameter -Wno-unused-variable    -DVL_TIME_CONTEXT   -fcoroutines -include Vtest_opt2ws_array__pch.h.slow -c Vtest_opt2ws_array___024root__0__Slow.cpp
g++   -I.  -MMD -I/workspace/AgentSys/.references/verilator5/include -I/workspace/AgentSys/.references/verilator5/include/vltstd -DVERILATOR=1 -DVM_COVERAGE=0 -DVM_SC=0 -DVM_TIMING=1 -DVM_TRACE=0 -DVM_TRACE_FST=0 -DVM_TRACE_VCD=0 -DVM_TRACE_SAIF=0 -DVM_VPI=0 -faligned-new -fcf-protection=none -Wno-bool-operation -Wno-int-in-bool-context -Wno-shadow -Wno-sign-compare -Wno-subobject-linkage -Wno-tautological-compare -Wno-uninitialized -Wno-unused-but-set-parameter -Wno-unused-but-set-variable -Wno-unused-parameter -Wno-unused-variable    -DVL_TIME_CONTEXT   -fcoroutines -include Vtest_opt2ws_array__pch.h.slow -c Vtest_opt2ws_array_top_pe_tile__Slow.cpp
g++   -I.  -MMD -I/workspace/AgentSys/.references/verilator5/include -I/workspace/AgentSys/.references/verilator5/include/vltstd -DVERILATOR=1 -DVM_COVERAGE=0 -DVM_SC=0 -DVM_TIMING=1 -DVM_TRACE=0 -DVM_TRACE_FST=0 -DVM_TRACE_VCD=0 -DVM_TRACE_SAIF=0 -DVM_VPI=0 -faligned-new -fcf-protection=none -Wno-bool-operation -Wno-int-in-bool-context -Wno-shadow -Wno-sign-compare -Wno-subobject-linkage -Wno-tautological-compare -Wno-uninitialized -Wno-unused-but-set-parameter -Wno-unused-but-set-variable -Wno-unused-parameter -Wno-unused-variable    -DVL_TIME_CONTEXT   -fcoroutines -include Vtest_opt2ws_array__pch.h.slow -c Vtest_opt2ws_array_top_pe_tile__0__Slow.cpp
g++   -I.  -MMD -I/workspace/AgentSys/.references/verilator5/include -I/workspace/AgentSys/.references/verilator5/include/vltstd -DVERILATOR=1 -DVM_COVERAGE=0 -DVM_SC=0 -DVM_TIMING=1 -DVM_TRACE=0 -DVM_TRACE_FST=0 -DVM_TRACE_VCD=0 -DVM_TRACE_SAIF=0 -DVM_VPI=0 -faligned-new -fcf-protection=none -Wno-bool-operation -Wno-int-in-bool-context -Wno-shadow -Wno-sign-compare -Wno-subobject-linkage -Wno-tautological-compare -Wno-uninitialized -Wno-unused-but-set-parameter -Wno-unused-but-set-variable -Wno-unused-parameter -Wno-unused-variable    -DVL_TIME_CONTEXT   -fcoroutines -include Vtest_opt2ws_array__pch.h.slow -c Vtest_opt2ws_array_partial_product_select__Slow.cpp
g++   -I.  -MMD -I/workspace/AgentSys/.references/verilator5/include -I/workspace/AgentSys/.references/verilator5/include/vltstd -DVERILATOR=1 -DVM_COVERAGE=0 -DVM_SC=0 -DVM_TIMING=1 -DVM_TRACE=0 -DVM_TRACE_FST=0 -DVM_TRACE_VCD=0 -DVM_TRACE_SAIF=0 -DVM_VPI=0 -faligned-new -fcf-protection=none -Wno-bool-operation -Wno-int-in-bool-context -Wno-shadow -Wno-sign-compare -Wno-subobject-linkage -Wno-tautological-compare -Wno-uninitialized -Wno-unused-but-set-parameter -Wno-unused-but-set-variable -Wno-unused-parameter -Wno-unused-variable    -DVL_TIME_CONTEXT   -fcoroutines -include Vtest_opt2ws_array__pch.h.slow -c Vtest_opt2ws_array_partial_product_select__0__Slow.cpp
g++   -I.  -MMD -I/workspace/AgentSys/.references/verilator5/include -I/workspace/AgentSys/.references/verilator5/include/vltstd -DVERILATOR=1 -DVM_COVERAGE=0 -DVM_SC=0 -DVM_TIMING=1 -DVM_TRACE=0 -DVM_TRACE_FST=0 -DVM_TRACE_VCD=0 -DVM_TRACE_SAIF=0 -DVM_VPI=0 -faligned-new -fcf-protection=none -Wno-bool-operation -Wno-int-in-bool-context -Wno-shadow -Wno-sign-compare -Wno-subobject-linkage -Wno-tautological-compare -Wno-uninitialized -Wno-unused-but-set-parameter -Wno-unused-but-set-variable -Wno-unused-parameter -Wno-unused-variable    -DVL_TIME_CONTEXT   -fcoroutines -include Vtest_opt2ws_array__pch.h.slow -c Vtest_opt2ws_array__Syms__Slow.cpp
g++    verilated.o verilated_timing.o verilated_threads.o Vtest_opt2ws_array__ALL.a    -pthread -lpthread -latomic   -o Vtest_opt2ws_array
rm Vtest_opt2ws_array__ALL.verilator_deplist.tmp
make: Leaving directory '/tmp/hptpe-opt2-t7nvoe43/obj'
- V e r i l a t i o n   R e p o r t: Verilator 5.050 2026-07-01 rev v5.050
- Verilator: Built from 0.298 MB sources in 14 modules, into 2.118 MB in 14 C++ files needing 0.001 MB
- Verilator: Walltime 5.131 s (elab=0.021, cvt=0.292, bld=4.768); cpu 0.432 s on 4 threads; allocated 679.785 MB
%Warning-WIDTHEXPAND: /workspace/AgentSys/.references/HPTPE/OPT2/partial_product_select.sv:23:38: Operator ASSIGNW expects 9 bits on the Assign RHS, but Assign RHS's SIGNED generates 8 bits.
                                                                                                : ... note: In instance 'test_opt2ws_array.u_top.genblk1[3].genblk1.pe_tile.genblk1[15].pps'
   23 | assign inv_b                         = $signed(~b);
      |                                      ^
                      ... For warning description see https://verilator.org/warn/WIDTHEXPAND?v=5.050
                      ... Use "/* verilator lint_off WIDTHEXPAND */" and lint_on around source to disable this message.
%Warning-WIDTHEXPAND: /workspace/AgentSys/.references/HPTPE/OPT2/partial_product_select.sv:35:42: Operator ASSIGNDLY expects 10 bits on the Assign RHS, but Assign RHS's SIGNED generates 8 bits.
                                                                                                : ... note: In instance 'test_opt2ws_array.u_top.genblk1[3].genblk1.pe_tile.genblk1[15].pps'
   35 |             2'b01: partial_product_bw[i] <= $signed(b);
      |                                          ^~
%Warning-WIDTHEXPAND: /workspace/AgentSys/.references/HPTPE/OPT2/partial_product_select.sv:36:42: Operator ASSIGNDLY expects 10 bits on the Assign RHS, but Assign RHS's SIGNED generates 9 bits.
                                                                                                : ... note: In instance 'test_opt2ws_array.u_top.genblk1[3].genblk1.pe_tile.genblk1[15].pps'
   36 |             2'b10: partial_product_bw[i] <= $signed(b_2);
      |                                          ^~
%Warning-WIDTHEXPAND: /workspace/AgentSys/.references/HPTPE/OPT2/partial_product_select.sv:37:42: Operator ASSIGNDLY expects 10 bits on the Assign RHS, but Assign RHS's SIGNED generates 9 bits.
                                                                                                : ... note: In instance 'test_opt2ws_array.u_top.genblk1[3].genblk1.pe_tile.genblk1[15].pps'
   37 |             2'b11: partial_product_bw[i] <= $signed(b_neg);
      |                                          ^~
%Warning-WIDTHEXPAND: /workspace/AgentSys/.references/HPTPE/OPT2/top_pe_tile.sv:55:35: Operator ASSIGNW expects 13 bits on the Assign RHS, but Assign RHS's SIGNED generates 10 bits.
                                                                                     : ... note: In instance 'test_opt2ws_array.u_top.genblk1[3].genblk1.pe_tile'
   55 |           assign csa_extend[i][j] = $signed(partial_product[i][j]);
      |                                   ^
%Warning-WIDTHEXPAND: /workspace/AgentSys/.references/HPTPE/OPT2/top_pe_tile.sv:137:13: Operator ASSIGNW expects 20 bits on the Assign RHS, but Assign RHS's SIGNED generates 13 bits.
                                                                                      : ... note: In instance 'test_opt2ws_array.u_top.genblk1[3].genblk1.pe_tile'
  137 | assign bw_0 = $signed(result_bw[0]);
      |             ^
%Warning-WIDTHEXPAND: /workspace/AgentSys/.references/HPTPE/OPT2/top_pe_tile.sv:138:13: Operator ASSIGNW expects 20 bits on the Assign RHS, but Assign RHS's SIGNED generates 15 bits.
                                                                                      : ... note: In instance 'test_opt2ws_array.u_top.genblk1[3].genblk1.pe_tile'
  138 | assign bw_1 = $signed({result_bw[1],2'b0});
      |             ^
%Warning-WIDTHEXPAND: /workspace/AgentSys/.references/HPTPE/OPT2/top_pe_tile.sv:139:13: Operator ASSIGNW expects 20 bits on the Assign RHS, but Assign RHS's SIGNED generates 17 bits.
                                                                                      : ... note: In instance 'test_opt2ws_array.u_top.genblk1[3].genblk1.pe_tile'
  139 | assign bw_2 = $signed({result_bw[2],4'b0});
      |             ^
%Warning-WIDTHEXPAND: /workspace/AgentSys/.references/HPTPE/OPT2/top_pe_tile.sv:140:13: Operator ASSIGNW expects 20 bits on the Assign RHS, but Assign RHS's SIGNED generates 19 bits.
                                                                                      : ... note: In instance 'test_opt2ws_array.u_top.genblk1[3].genblk1.pe_tile'
  140 | assign bw_3 = $signed({result_bw[3],6'b0});
      |             ^
%Warning-WIDTHTRUNC: /tmp/hptpe-opt2-t7nvoe43/testbench.sv:74:26: Operator ASSIGN expects 8 bits on the Assign RHS, but Assign RHS's URANDOMRANGE generates 32 bits.
                                                                : ... note: In instance 'test_opt2ws_array'
   74 |           matrix_b[i][j] = $urandom_range(127, -128);
      |                          ^
                     ... For warning description see https://verilator.org/warn/WIDTHTRUNC?v=5.050
                     ... Use "/* verilator lint_off WIDTHTRUNC */" and lint_on around source to disable this message.
%Warning-WIDTHTRUNC: /tmp/hptpe-opt2-t7nvoe43/testbench.sv:63:26: Operator ASSIGN expects 8 bits on the Assign RHS, but Assign RHS's URANDOMRANGE generates 32 bits.
                                                                : ... note: In instance 'test_opt2ws_array'
   63 |           matrix_a[i][j] = $urandom_range(127, -128);
      |                          ^
%Warning-WIDTHTRUNC: /tmp/hptpe-opt2-t7nvoe43/testbench.sv:108:26: Operator ASSIGN expects 20 bits on the Assign RHS, but Assign RHS's VARREF 'sum' generates 32 bits.
                                                                 : ... note: In instance 'test_opt2ws_array'
  108 |           matrix_c[i][j] = sum;
      |                          ^
%Warning-WIDTHEXPAND: /tmp/hptpe-opt2-t7nvoe43/testbench.sv:198:28: Operator EQ expects 32 or 3 bits on the LHS, but LHS's ARRAYSEL generates 2 bits.
                                                                  : ... note: In instance 'test_opt2ws_array'
  198 |            if(row_count[i] == M - 1)
      |                            ^~
%Warning-LATCH: /tmp/hptpe-opt2-t7nvoe43/testbench.sv:205:7: Latch inferred for signal 'test_opt2ws_array.tpe_matrix_c' (not all control paths of combinational always assign a value)
                                                           : ... Suggest use of always_latch for intentional latches
  205 |       always @(*) begin
      |       ^~~~~~
                ... For warning description see https://verilator.org/warn/LATCH?v=5.050
                ... Use "/* verilator lint_off LATCH */" and lint_on around source to disable this message.
