Loading checkpoint shards:   0%|          | 0/2 [00:00<?, ?it/s]Loading checkpoint shards:  50%|█████     | 1/2 [00:00<00:00,  1.50it/s]Loading checkpoint shards: 100%|██████████| 2/2 [00:00<00:00,  2.99it/s]Loading checkpoint shards: 100%|██████████| 2/2 [00:00<00:00,  2.60it/s]
样本 60 (分层 early/mid/late)
  10/60
  20/60
  30/60
  40/60
  50/60
  60/60

=== 上游流速 50 tok/s ===
层        n     A时间    B1时间    B2时间    B2省时    A质量   B2质量    早停段
early   20   30.77   30.51    8.51   72.3%    65%    65%    3.0
mid     20   28.74   28.49   17.19   40.2%    35%    25%    6.3
late    20   32.32   32.07   24.13   25.3%    65%    45%    7.5
all     60   30.61   30.36   16.61   45.7%    55%    45%    5.6

=== 上游流速 200 tok/s ===
层        n     A时间    B1时间    B2时间    B2省时    A质量   B2质量    早停段
early   20    8.09    7.84    2.39   70.5%    65%    65%    3.0
mid     20    7.58    7.33    4.54   40.1%    35%    25%    6.3
late    20    8.56    8.31    6.34   26.0%    65%    45%    7.5
all     60    8.08    7.83    4.42   45.3%    55%    45%    5.6

=== 上游流速 1000 tok/s ===
层        n     A时间    B1时间    B2时间    B2省时    A质量   B2质量    早停段
early   20    2.05    1.79    0.83   59.3%    65%    65%    3.0
mid     20    1.94    1.69    1.29   33.4%    35%    25%    6.3
late    20    2.22    1.97    1.61   27.6%    65%    45%    7.5
all     60    2.07    1.82    1.24   39.9%    55%    45%    5.6
