Loading checkpoint shards:   0%|          | 0/2 [00:00<?, ?it/s]Loading checkpoint shards:  50%|█████     | 1/2 [00:00<00:00,  1.50it/s]Loading checkpoint shards: 100%|██████████| 2/2 [00:00<00:00,  2.94it/s]Loading checkpoint shards: 100%|██████████| 2/2 [00:00<00:00,  2.57it/s]
episodes: 60
  5/60 (46s)
  10/60 (96s)
  15/60 (143s)
  20/60 (194s)
  25/60 (244s)
  30/60 (286s)
  35/60 (332s)
  40/60 (380s)
  45/60 (426s)
  50/60 (479s)
  55/60 (532s)
  60/60 (586s)

=== E13 消融汇总 (n=60) ===
A 全KV: 质量 52%  上下文均值 1554 tok
-- ρ=0.1 --
  E: 质量  42%  保留KV   238 tok (15%)  显存降 85%
  G: 质量  27%  保留KV   238 tok (15%)  显存降 85%
  H: 质量  45%  保留KV   506 tok (33%)  显存降 67%
-- ρ=0.25 --
  E: 质量  33%  保留KV   464 tok (30%)  显存降 70%
  G: 质量  33%  保留KV   464 tok (30%)  显存降 70%
  H: 质量  42%  保留KV   688 tok (44%)  显存降 56%
