Loading checkpoint shards:   0%|          | 0/2 [00:00<?, ?it/s]Loading checkpoint shards:  50%|█████     | 1/2 [00:00<00:00,  1.53it/s]Loading checkpoint shards: 100%|██████████| 2/2 [00:00<00:00,  3.01it/s]Loading checkpoint shards: 100%|██████████| 2/2 [00:00<00:00,  2.63it/s]
resume: 0 episodes already done
episodes: 60
  5/60 (46s)
  10/60 (97s)
  15/60 (144s)
  20/60 (193s)
  25/60 (243s)
  30/60 (286s)
  35/60 (334s)
  40/60 (381s)
  45/60 (427s)
  50/60 (481s)
  55/60 (534s)
  60/60 (588s)

=== E13 消融汇总 (n=60) ===
A 全KV: 质量 52%  上下文均值 1554 tok
-- ρ=0.1 --
  E: 质量  42%  保留KV   238 tok (15%)  显存降 85%
  H: 质量  45%  保留KV   506 tok (33%)  显存降 67%
  I: 质量  48%  保留KV  1371 tok (88%)  显存降 12%
-- ρ=0.25 --
  E: 质量  33%  保留KV   464 tok (30%)  显存降 70%
  H: 质量  42%  保留KV   688 tok (44%)  显存降 56%
  I: 质量  48%  保留KV  1371 tok (88%)  显存降 12%
