Loading checkpoint shards:   0%|          | 0/5 [00:00<?, ?it/s]Loading checkpoint shards:  20%|██        | 1/5 [00:00<00:02,  1.40it/s]Loading checkpoint shards:  40%|████      | 2/5 [00:01<00:02,  1.40it/s]Loading checkpoint shards:  60%|██████    | 3/5 [00:02<00:01,  1.41it/s]Loading checkpoint shards:  80%|████████  | 4/5 [00:02<00:00,  1.52it/s]Loading checkpoint shards: 100%|██████████| 5/5 [00:02<00:00,  2.02it/s]Loading checkpoint shards: 100%|██████████| 5/5 [00:02<00:00,  1.72it/s]
resume: 0 episodes already done
episodes: 60
  5/60 (14s)
  10/60 (26s)
  15/60 (38s)
  20/60 (48s)
  25/60 (63s)
  30/60 (78s)
  35/60 (90s)
  40/60 (104s)
  45/60 (117s)
  50/60 (130s)
  55/60 (141s)
  60/60 (156s)

=== E13 消融汇总 (n=60) ===
A 全KV: 质量 65%  上下文均值 1554 tok
-- ρ=0.1 --
  I: 质量  57%  保留KV   762 tok (49%)  显存降 51%
-- ρ=0.25 --
  I: 质量  57%  保留KV   762 tok (49%)  显存降 51%
