Loading checkpoint shards:   0%|          | 0/2 [00:00<?, ?it/s]Loading checkpoint shards:  50%|█████     | 1/2 [00:00<00:00,  1.49it/s]Loading checkpoint shards: 100%|██████████| 2/2 [00:00<00:00,  2.94it/s]Loading checkpoint shards: 100%|██████████| 2/2 [00:00<00:00,  2.57it/s]
episodes: 60
  5/60 (76s)
  10/60 (156s)
  15/60 (247s)
  20/60 (343s)
  25/60 (426s)
  30/60 (493s)
  35/60 (565s)
  40/60 (641s)
  45/60 (722s)
  50/60 (807s)
  55/60 (884s)
  60/60 (965s)

=== E13 消融汇总 (n=60) ===
A 全KV: 质量 52%  上下文均值 1554 tok
-- ρ=0.1 --
  B: 质量  30%  保留KV   238 tok (15%)  显存降 85%
  C: 质量  18%  保留KV   239 tok (15%)  显存降 85%
  D: 质量   8%  保留KV   241 tok (16%)  显存降 84%
  E: 质量  37%  保留KV   238 tok (15%)  显存降 85%
  F: 质量   3%  保留KV    52 tok (3%)  显存降 97%
  G: 质量  27%  保留KV   238 tok (15%)  显存降 85%
-- ρ=0.25 --
  B: 质量  37%  保留KV   465 tok (30%)  显存降 70%
  C: 质量  23%  保留KV   464 tok (30%)  显存降 70%
  D: 质量  13%  保留KV   466 tok (30%)  显存降 70%
  E: 质量  42%  保留KV   465 tok (30%)  显存降 70%
  F: 质量   3%  保留KV    52 tok (3%)  显存降 97%
  G: 质量  33%  保留KV   464 tok (30%)  显存降 70%
