Loading checkpoint shards:   0%|          | 0/2 [00:00<?, ?it/s]Loading checkpoint shards:  50%|█████     | 1/2 [00:00<00:00,  1.65it/s]Loading checkpoint shards: 100%|██████████| 2/2 [00:00<00:00,  2.84it/s]
episodes: 60
  5/60 (86s)
  10/60 (185s)
  15/60 (275s)
  20/60 (377s)
  25/60 (485s)
  30/60 (570s)
  35/60 (664s)
  40/60 (762s)
  45/60 (871s)
  50/60 (986s)
  55/60 (1087s)
  60/60 (1194s)

=== E13 消融汇总 (n=60) ===
A 全KV: 质量 52%  上下文均值 1554 tok
-- ρ=0.1 --
  B: 质量  30%  保留KV   238 tok (15%)  显存降 85%
  B2: 质量  32%  保留KV   239 tok (15%)  显存降 85%
  C: 质量  18%  保留KV   239 tok (15%)  显存降 85%
  D: 质量   8%  保留KV   241 tok (16%)  显存降 84%
  E: 质量  37%  保留KV   238 tok (15%)  显存降 85%
  E2: 质量  38%  保留KV   238 tok (15%)  显存降 85%
  G: 质量  27%  保留KV   238 tok (15%)  显存降 85%
  H: 质量  42%  保留KV   506 tok (33%)  显存降 67%
  F: 质量   3%  保留KV    52 tok (3%)  显存降 97%
-- ρ=0.25 --
  B: 质量  37%  保留KV   465 tok (30%)  显存降 70%
  B2: 质量  35%  保留KV   464 tok (30%)  显存降 70%
  C: 质量  23%  保留KV   464 tok (30%)  显存降 70%
  D: 质量  13%  保留KV   466 tok (30%)  显存降 70%
  E: 质量  42%  保留KV   465 tok (30%)  显存降 70%
  E2: 质量  38%  保留KV   464 tok (30%)  显存降 70%
  G: 质量  33%  保留KV   464 tok (30%)  显存降 70%
  H: 质量  42%  保留KV   688 tok (44%)  显存降 56%
  F: 质量   3%  保留KV    52 tok (3%)  显存降 97%
