/workspace/AgentSys/.tools/micromamba: OK
⚠ Shard Index for nvidia/label/cuda-12.8.1/linux-64 not available, falling back to flat repodata
Using Flat Repodata for nvidia/label/cuda-12.8.1/linux-64                                       ✔ Starting
Using Flat Repodata for nvidia/label/cuda-12.8.1/linux-64                                 ✔ Done (0.0 sec)
⚠ Shard Index for nvidia/label/cuda-12.8.1/noarch not available, falling back to flat repodata
Using Flat Repodata for nvidia/label/cuda-12.8.1/noarch                                         ✔ Starting
Using Flat Repodata for nvidia/label/cuda-12.8.1/noarch                                   ✔ Done (0.0 sec)
Using Cached Shard Index for conda-forge/linux-64                                                   ✔ Done
Using Cached Shard Index for conda-forge/noarch                                                     ✔ Done
Fetching and Parsing Packages' Shards                                                           ⧖ Starting
Fetching and Parsing Packages' Shards                                                     ✔ Done (0.2 sec)
Parsing Packages' Records                                                                 ✔ Done (0.4 sec)

Resolving Environment                                                                           ⧖ Starting
Resolving Environment                                                                     ✔ Done (0.2 sec)

Transaction

  Prefix: /workspace/AgentSys/.cuda-toolkit

  Updating specs:

   - cuda-nvcc=12.8.93
   - cuda-cudart-dev=12.8.90
   - cuda-nvml-dev


  Package                        Version  Build                 Channel                        Size
─────────────────────────────────────────────────────────────────────────────────────────────────────
  Install:
─────────────────────────────────────────────────────────────────────────────────────────────────────

  + _openmp_mutex                    4.5  20_gnu                conda-forge                  Cached
  + binutils_impl_linux-64        2.46.1  default_hfdba357_102  conda-forge                  Cached
  + binutils_linux-64             2.46.1  default_h4852527_102  conda-forge                  Cached
  + cuda-cccl_linux-64           12.8.90  0                     nvidia/label/cuda-12.8.1     Cached
  + cuda-crt-dev_linux-64        12.8.93  0                     nvidia/label/cuda-12.8.1     Cached
  + cuda-crt-tools               12.8.93  0                     nvidia/label/cuda-12.8.1     Cached
  + cuda-cudart                  12.8.90  0                     nvidia/label/cuda-12.8.1     Cached
  + cuda-cudart-dev              12.8.90  0                     nvidia/label/cuda-12.8.1     Cached
  + cuda-cudart-dev_linux-64     12.8.90  0                     nvidia/label/cuda-12.8.1     Cached
  + cuda-cudart-static           12.8.90  0                     nvidia/label/cuda-12.8.1     Cached
  + cuda-cudart-static_linux-64  12.8.90  0                     nvidia/label/cuda-12.8.1     Cached
  + cuda-cudart_linux-64         12.8.90  0                     nvidia/label/cuda-12.8.1     Cached
  + cuda-driver-dev_linux-64     12.8.90  0                     nvidia/label/cuda-12.8.1     Cached
  + cuda-nvcc                    12.8.93  0                     nvidia/label/cuda-12.8.1     Cached
  + cuda-nvcc-dev_linux-64       12.8.93  0                     nvidia/label/cuda-12.8.1     Cached
  + cuda-nvcc-impl               12.8.93  0                     nvidia/label/cuda-12.8.1     Cached
  + cuda-nvcc-tools              12.8.93  0                     nvidia/label/cuda-12.8.1     Cached
  + cuda-nvcc_linux-64           12.8.93  0                     nvidia/label/cuda-12.8.1     Cached
  + cuda-nvml-dev                12.8.90  0                     nvidia/label/cuda-12.8.1     Cached
  + cuda-nvvm-dev_linux-64       12.8.93  0                     nvidia/label/cuda-12.8.1     Cached
  + cuda-nvvm-impl               12.8.93  0                     nvidia/label/cuda-12.8.1     Cached
  + cuda-nvvm-tools              12.8.93  0                     nvidia/label/cuda-12.8.1     Cached
  + cuda-version                    12.8  3                     nvidia/label/cuda-12.8.1     Cached
  + gcc_impl_linux-64             13.4.0  h649a46b_20           conda-forge                  Cached
  + gcc_linux-64                  13.4.0  h5174b15_28           conda-forge                  Cached
  + gxx_impl_linux-64             13.4.0  h5415f34_20           conda-forge                  Cached
  + gxx_linux-64                  13.4.0  hb11295d_28           conda-forge                  Cached
  + kernel-headers_linux-64       4.18.0  he073ed8_9            conda-forge                  Cached
  + ld_impl_linux-64              2.46.1  default_hbd61a6d_102  conda-forge                  Cached
  + libgcc                        16.2.0  ha9f2e26_4            conda-forge                  Cached
  + libgcc-devel_linux-64         13.4.0  hd1d28cc_120          conda-forge                  Cached
  + libgcc-ng                     16.2.0  h69a702a_4            conda-forge                  Cached
  + libgomp                       16.2.0  he0feb66_4            conda-forge                  Cached
  + libsanitizer                  13.4.0  hf18ac3d_20           conda-forge                  Cached
  + libstdcxx                     16.2.0  h934c35e_4            conda-forge                  Cached
  + libstdcxx-devel_linux-64      13.4.0  h6963c3b_120          conda-forge                  Cached
  + libstdcxx-ng                  16.2.0  hdf11a46_4            conda-forge                  Cached
  + libzlib                        1.3.2  h25fd6f3_3            conda-forge                  Cached
  + sysroot_linux-64                2.28  h4ee821c_9            conda-forge                  Cached
  + tzdata                         2026c  h151e31d_0            conda-forge                  Cached
  + zstd                           1.5.7  hb78ec9c_7            conda-forge                  Cached

  Summary:

  Install: 41 packages

  Total download: 0 B

─────────────────────────────────────────────────────────────────────────────────────────────────────



Transaction starting
Linking cuda-version-12.8-3
Linking cuda-nvvm-dev_linux-64-12.8.93-0
Linking cuda-crt-dev_linux-64-12.8.93-0
Linking cuda-driver-dev_linux-64-12.8.90-0
Linking cuda-cudart-static_linux-64-12.8.90-0
Linking cuda-cudart_linux-64-12.8.90-0
Linking kernel-headers_linux-64-4.18.0-he073ed8_9
Linking tzdata-2026c-h151e31d_0
Linking libstdcxx-devel_linux-64-13.4.0-h6963c3b_120
Linking libgcc-devel_linux-64-13.4.0-hd1d28cc_120
Linking sysroot_linux-64-2.28-h4ee821c_9
Linking libgomp-16.2.0-he0feb66_4
Linking libzlib-1.3.2-h25fd6f3_3
Linking _openmp_mutex-4.5-20_gnu
Linking zstd-1.5.7-hb78ec9c_7
Linking libgcc-16.2.0-ha9f2e26_4
Linking ld_impl_linux-64-2.46.1-default_hbd61a6d_102
Linking libstdcxx-16.2.0-h934c35e_4
Linking libgcc-ng-16.2.0-h69a702a_4
Linking binutils_impl_linux-64-2.46.1-default_hfdba357_102
Linking libsanitizer-13.4.0-hf18ac3d_20
Linking libstdcxx-ng-16.2.0-hdf11a46_4
Linking binutils_linux-64-2.46.1-default_h4852527_102
Linking gcc_impl_linux-64-13.4.0-h649a46b_20
Linking gxx_impl_linux-64-13.4.0-h5415f34_20
Linking gcc_linux-64-13.4.0-h5174b15_28
Linking gxx_linux-64-13.4.0-hb11295d_28
Linking cuda-crt-tools-12.8.93-0
Linking cuda-cccl_linux-64-12.8.90-0
Linking cuda-nvvm-tools-12.8.93-0
Linking cuda-nvvm-impl-12.8.93-0
Linking cuda-cudart-static-12.8.90-0
Linking cuda-cudart-12.8.90-0
Linking cuda-nvml-dev-12.8.90-0
Linking cuda-nvcc-tools-12.8.93-0
Linking cuda-nvcc-dev_linux-64-12.8.93-0
Linking cuda-cudart-dev_linux-64-12.8.90-0
Linking cuda-cudart-dev-12.8.90-0
Linking cuda-nvcc-impl-12.8.93-0
Linking cuda-nvcc_linux-64-12.8.93-0
Linking cuda-nvcc-12.8.93-0

Transaction finished


To activate this environment, use:

    micromamba activate /workspace/AgentSys/.cuda-toolkit

Or to execute a single command in this environment, use:

    micromamba run -p /workspace/AgentSys/.cuda-toolkit mycommand

-- The CXX compiler identification is Clang 16.0.6
-- The C compiler identification is Clang 16.0.6
-- The ASM compiler identification is Clang with GNU-like command-line
-- Found assembler: /usr/bin/clang-16
-- Detecting CXX compiler ABI info
-- Detecting CXX compiler ABI info - done
-- Check for working CXX compiler: /usr/bin/clang++-16 - skipped
-- Detecting CXX compile features
-- Detecting CXX compile features - done
-- Detecting C compiler ABI info
-- Detecting C compiler ABI info - done
-- Check for working C compiler: /usr/bin/clang-16 - skipped
-- Detecting C compile features
-- Detecting C compile features - done
-- CXX Compiler=Clang
-- CXX Compiler version=16.0.6
-- MLLM_GIT_COMMIT_HASH=50ad5a9b6fbea742e38b5b31776c187e50319c8e
-- CPM: Adding package stdexec@ (nvhpc-25.03.rc1)
-- System           : Linux-6.8.0-138-generic
-- System name      : Linux
-- System ver       : 6.8.0-138-generic
-- 
-- Library ver      : 0.11.0
-- Build date       : 2026-08-27
-- Build year       : 2026
-- 
-- Creating symlink from /workspace/AgentSys/.references/mllm/compile_commands.json to /workspace/AgentSys/.references/mllm/build-x86-cuda/compile_commands.json...
-- Found Git: /usr/bin/git (found version "2.32.0")
-- CPM: Adding package icm@1.5.0 (v1.5.0)
-- Performing Test CMAKE_HAVE_LIBC_PTHREAD
-- Performing Test CMAKE_HAVE_LIBC_PTHREAD - Failed
-- Looking for pthread_create in pthreads
-- Looking for pthread_create in pthreads - not found
-- Looking for pthread_create in pthread
-- Looking for pthread_create in pthread - found
-- Found Threads: TRUE
-- Performing Test STDEXEC_FOUND_IO_URING
-- Performing Test STDEXEC_FOUND_IO_URING - Failed
-- Could NOT find OpenMP_C (missing: OpenMP_C_FLAGS OpenMP_C_LIB_NAMES) 
-- Could NOT find OpenMP_CXX (missing: OpenMP_CXX_FLAGS OpenMP_CXX_LIB_NAMES) 
-- Could NOT find OpenMP (missing: OpenMP_C_FOUND OpenMP_CXX_FOUND) 
-- OpenMP not found via find_package, but trying with -fopenmp flag directly
-- Using OpenMP via find_package
-- OpenMP CXX_FLAGS=-fopenmp
-- OpenMP CXX_LIB_NAMES=NOTFOUND
-- OpenMP OpenMP_omp_LIBRARY=
-- OpenMP OpenMP_CXX_INCLUDE_DIR=
-- {fmt} version: 11.2.0
-- Build type: Release
-- Performing Test HAS_NULLPTR_WARNING
-- Performing Test HAS_NULLPTR_WARNING - Success
-- Proceeding with version: 25.12.19.0
-- Looking for strtof_l
-- Looking for strtof_l - found
-- Looking for strtoull_l
-- Looking for strtoull_l - found
-- Looking for realpath
-- Looking for realpath - found
-- CMAKE_CXX_FLAGS: 
-- CPM: Adding package highway@1.3.0 (1.3.0)
CMake Deprecation Warning at build-x86-cuda/_deps/highway-src/CMakeLists.txt:28 (cmake_policy):
  The OLD behavior for policy CMP0111 will be removed from a future version
  of CMake.

  The cmake-policies(7) manual explains that the OLD behaviors of all
  policies are deprecated and that a policy should be set to OLD only under
  specific short-term circumstances.  Projects should be ported to the NEW
  behavior and not rely on setting a policy to OLD.


-- Performing Test ATOMICS_LOCK_FREE_INSTRUCTIONS
-- Performing Test ATOMICS_LOCK_FREE_INSTRUCTIONS - Success
-- Performing Test HWY_EMSCRIPTEN
-- Performing Test HWY_EMSCRIPTEN - Failed
-- Performing Test HWY_RISCV
-- Performing Test HWY_RISCV - Failed
-- Looking for sys/auxv.h
-- Looking for sys/auxv.h - found
-- Looking for asm/hwcap.h
-- Looking for asm/hwcap.h - not found
-- Found Python: /workspace/AgentSys/.venv/bin/python3.11 (found version "3.11.15") found components: Interpreter
-- Detected target triple: x86_64-pc-linux-gnu
-- Setting C++ macro TVM_FFI_USE_LIBBACKTRACE - 1
-- Setting C++ macro TVM_FFI_BACKTRACE_ON_SEGFAULT - 1
-- Looking for a CUDA compiler
-- Looking for a CUDA compiler - /workspace/AgentSys/.cuda-toolkit/bin/nvcc
-- The CUDA compiler identification is NVIDIA 12.8.93 with host compiler GNU 10.2.1
-- Detecting CUDA compiler ABI info
-- Detecting CUDA compiler ABI info - done
-- Check for working CUDA compiler: /workspace/AgentSys/.cuda-toolkit/bin/nvcc - skipped
-- Detecting CUDA compile features
-- Detecting CUDA compile features - done
-- nvcc path : /workspace/AgentSys/.cuda-toolkit/bin/nvcc
-- Found CUDAToolkit: /workspace/AgentSys/.cuda-toolkit/targets/x86_64-linux/include (found version "12.8.93")
CMake Error at CMakeLists.txt:438 (install):
  install TARGETS given target "mllm-params-inspector" which does not exist.


-- Configuring incomplete, errors occurred!
