-- CXX Compiler=Clang
-- CXX Compiler version=16.0.6
-- MLLM_GIT_COMMIT_HASH=50ad5a9b6fbea742e38b5b31776c187e50319c8e
-- CPM: Adding package stdexec@ (nvhpc-25.03.rc1)
-- System           : Linux-6.8.0-138-generic
-- System name      : Linux
-- System ver       : 6.8.0-138-generic
-- 
-- Library ver      : 0.11.0
-- Build date       : 2026-08-27
-- Build year       : 2026
-- 
-- Creating symlink from /workspace/AgentSys/.references/mllm/compile_commands.json to /workspace/AgentSys/.references/mllm/build-x86-cuda/compile_commands.json...
-- CPM: Adding package icm@1.5.0 (v1.5.0)
-- {fmt} version: 11.2.0
-- Build type: Release
-- Proceeding with version: 25.12.19.0
-- CMAKE_CXX_FLAGS: 
-- CPM: Adding package highway@1.3.0 (1.3.0)
CMake Deprecation Warning at build-x86-cuda/_deps/highway-src/CMakeLists.txt:28 (cmake_policy):
  The OLD behavior for policy CMP0111 will be removed from a future version
  of CMake.

  The cmake-policies(7) manual explains that the OLD behaviors of all
  policies are deprecated and that a policy should be set to OLD only under
  specific short-term circumstances.  Projects should be ported to the NEW
  behavior and not rely on setting a policy to OLD.


-- Detected target triple: x86_64-pc-linux-gnu
-- Setting C++ macro TVM_FFI_USE_LIBBACKTRACE - 1
-- Setting C++ macro TVM_FFI_BACKTRACE_ON_SEGFAULT - 1
-- nvcc path : /workspace/AgentSys/.cuda-toolkit/bin/nvcc
-- Configuring done (1.1s)
-- Generating done (0.2s)
-- Build files have been written to: /workspace/AgentSys/.references/mllm/build-x86-cuda
[0/2] Re-checking globbed directories...
ninja: no work to do.
[0/2] Re-checking globbed directories...
[1/4] Building CXX object mllm/CMakeFiles/MllmRT.dir/mllm.cpp.o
warning: unknown warning option '-Wno-c++26-extensions' [-Wunknown-warning-option]
1 warning generated.
[2/4] Linking CXX shared library bin/libMllmRT.so
[3/4] Linking CXX shared library bin/libMllmCUDABackend.so
[0/2] Re-checking globbed directories...
[1/3] Linking CXX shared library bin/libMllmCPUBackend.so
[2/3] Linking CXX executable bin/Mllm-Test-CUDA-DeviceInfo
[1m[38;2;000;128;000m[INFO][0m /workspace/AgentSys/.references/mllm/mllm/backends/cuda/CudaBackend.cpp:27 Found device: NVIDIA GeForce RTX 4090
[1m[38;2;000;128;000m[INFO][0m /workspace/AgentSys/.references/mllm/mllm/backends/cuda/CudaBackend.cpp:27 Found device: NVIDIA GeForce RTX 4090
