This emulator compiled with JTAG Remote Bitbang client. To enable, use +jtag_rbb_enable=1.
Listening on port 42597
AGENTSYS_MLX_SMOKE_PASS workload=fft_cmp backend=cycle wait=5 host_config=791 host_launch_wait=423 system=385 dma=288 kernel=95 instructions=34 load=13 store=2 compute=11 xfer=8 sync_stall=9 hops=13 conflicts=115 dma_bytes=512 abi=4d4c5801 mismatches=0
[UART] UART0 is here (stdin/stdout).
MLX_TRACE backend=cycle event=issue cycle=0 pe=0 pc=0 op=0 tag=0
MLX_TRACE backend=cycle event=issue cycle=2 pe=0 pc=1 op=0 tag=0
MLX_TRACE backend=cycle event=issue cycle=4 pe=0 pc=2 op=3 tag=0
MLX_TRACE backend=cycle event=complete cycle=7 pe=0 op=compute
MLX_TRACE backend=cycle event=issue cycle=8 pe=0 pc=3 op=8 tag=0
MLX_TRACE backend=cycle event=complete cycle=9 pe=0 op=xfer dst_pe=4
MLX_TRACE backend=cycle event=issue cycle=10 pe=1 pc=0 op=0 tag=1
MLX_TRACE backend=cycle event=issue cycle=12 pe=1 pc=1 op=0 tag=1
MLX_TRACE backend=cycle event=issue cycle=14 pe=1 pc=2 op=0 tag=1
MLX_TRACE backend=cycle event=issue cycle=16 pe=1 pc=3 op=2 tag=1
MLX_TRACE backend=cycle event=complete cycle=20 pe=1 op=compute
MLX_TRACE backend=cycle event=issue cycle=21 pe=1 pc=4 op=8 tag=1
MLX_TRACE backend=cycle event=complete cycle=23 pe=1 op=xfer dst_pe=4
MLX_TRACE backend=cycle event=issue cycle=24 pe=2 pc=0 op=0 tag=2
MLX_TRACE backend=cycle event=issue cycle=26 pe=2 pc=1 op=0 tag=2
MLX_TRACE backend=cycle event=issue cycle=28 pe=2 pc=2 op=3 tag=2
MLX_TRACE backend=cycle event=complete cycle=31 pe=2 op=compute
MLX_TRACE backend=cycle event=issue cycle=32 pe=2 pc=3 op=8 tag=2
MLX_TRACE backend=cycle event=complete cycle=34 pe=2 op=xfer dst_pe=5
MLX_TRACE backend=cycle event=issue cycle=35 pe=3 pc=0 op=0 tag=3
MLX_TRACE backend=cycle event=issue cycle=37 pe=3 pc=1 op=0 tag=3
MLX_TRACE backend=cycle event=issue cycle=39 pe=3 pc=2 op=0 tag=3
MLX_TRACE backend=cycle event=issue cycle=41 pe=3 pc=3 op=2 tag=3
MLX_TRACE backend=cycle event=complete cycle=45 pe=3 op=compute
MLX_TRACE backend=cycle event=issue cycle=46 pe=3 pc=4 op=8 tag=3
MLX_TRACE backend=cycle event=complete cycle=48 pe=3 op=xfer dst_pe=5
MLX_TRACE backend=cycle event=issue cycle=49 pe=4 pc=0 op=7 tag=4
MLX_TRACE backend=cycle event=complete cycle=50 pe=4 op=compute
MLX_TRACE backend=cycle event=issue cycle=51 pe=4 pc=1 op=3 tag=4
MLX_TRACE backend=cycle event=complete cycle=54 pe=4 op=compute
MLX_TRACE backend=cycle event=issue cycle=55 pe=4 pc=2 op=8 tag=4
MLX_TRACE backend=cycle event=complete cycle=56 pe=4 op=xfer dst_pe=8
MLX_TRACE backend=cycle event=issue cycle=57 pe=4 pc=3 op=8 tag=4
MLX_TRACE backend=cycle event=complete cycle=59 pe=4 op=xfer dst_pe=9
MLX_TRACE backend=cycle event=issue cycle=60 pe=5 pc=0 op=0 tag=5
MLX_TRACE backend=cycle event=issue cycle=62 pe=5 pc=1 op=9 tag=5
MLX_TRACE backend=cycle event=complete cycle=65 pe=5 op=compute
MLX_TRACE backend=cycle event=issue cycle=66 pe=5 pc=2 op=3 tag=5
MLX_TRACE backend=cycle event=complete cycle=69 pe=5 op=compute
MLX_TRACE backend=cycle event=issue cycle=70 pe=5 pc=3 op=8 tag=5
MLX_TRACE backend=cycle event=complete cycle=72 pe=5 op=xfer dst_pe=8
MLX_TRACE backend=cycle event=issue cycle=73 pe=5 pc=4 op=8 tag=5
MLX_TRACE backend=cycle event=complete cycle=74 pe=5 op=xfer dst_pe=9
MLX_TRACE backend=cycle event=issue cycle=75 pe=8 pc=0 op=0 tag=8
MLX_TRACE backend=cycle event=issue cycle=77 pe=8 pc=1 op=3 tag=8
MLX_TRACE backend=cycle event=complete cycle=80 pe=8 op=compute
MLX_TRACE backend=cycle event=issue cycle=81 pe=8 pc=2 op=9 tag=8
MLX_TRACE backend=cycle event=complete cycle=84 pe=8 op=compute
MLX_TRACE backend=cycle event=issue cycle=85 pe=8 pc=3 op=1 tag=8
MLX_TRACE backend=cycle event=issue cycle=86 pe=9 pc=0 op=0 tag=9
MLX_TRACE backend=cycle event=issue cycle=88 pe=9 pc=1 op=2 tag=9
MLX_TRACE backend=cycle event=complete cycle=92 pe=9 op=compute
MLX_TRACE backend=cycle event=issue cycle=93 pe=9 pc=2 op=1 tag=9
MLX_BACKEND_DONE backend=cycle cycle=94 instructions=34 stalls=9 hops=13 conflicts=115
MLX_SYSTEM_DONE backend=0 system_cycles=384 dma_cycles=287 backend_cycles=95 bytes=512
