This emulator compiled with JTAG Remote Bitbang client. To enable, use +jtag_rbb_enable=1.
Listening on port 38759
[UART] UART0 is here (stdin/stdout).
MLX_TRACE backend=cycle event=issue cycle=0 pe=0 pc=0 op=0 tag=0
MLX_TRACE backend=cycle event=issue cycle=2 pe=0 pc=1 op=0 tag=0
MLX_TRACE backend=cycle event=issue cycle=4 pe=0 pc=2 op=0 tag=0
MLX_TRACE backend=cycle event=issue cycle=6 pe=0 pc=3 op=2 tag=0
MLX_TRACE backend=cycle event=complete cycle=10 pe=0 op=compute
MLX_TRACE backend=cycle event=issue cycle=11 pe=0 pc=4 op=1 tag=0
MLX_TRACE backend=cycle event=issue cycle=12 pe=1 pc=0 op=0 tag=1
MLX_TRACE backend=cycle event=issue cycle=14 pe=1 pc=1 op=0 tag=1
MLX_TRACE backend=cycle event=issue cycle=16 pe=1 pc=2 op=0 tag=1
MLX_TRACE backend=cycle event=issue cycle=18 pe=1 pc=3 op=0 tag=1
MLX_TRACE backend=cycle event=issue cycle=20 pe=1 pc=4 op=9 tag=1
MLX_TRACE backend=cycle event=complete cycle=23 pe=1 op=compute
MLX_TRACE backend=cycle event=issue cycle=24 pe=1 pc=5 op=2 tag=1
MLX_TRACE backend=cycle event=complete cycle=28 pe=1 op=compute
MLX_TRACE backend=cycle event=issue cycle=29 pe=1 pc=6 op=1 tag=1
MLX_TRACE backend=cycle event=issue cycle=30 pe=4 pc=0 op=0 tag=4
MLX_TRACE backend=cycle event=issue cycle=32 pe=4 pc=1 op=0 tag=4
MLX_TRACE backend=cycle event=issue cycle=34 pe=4 pc=2 op=3 tag=4
MLX_TRACE backend=cycle event=complete cycle=37 pe=4 op=compute
MLX_TRACE backend=cycle event=issue cycle=38 pe=4 pc=3 op=1 tag=4
MLX_TRACE backend=cycle event=issue cycle=39 pe=4 pc=4 op=8 tag=4
MLX_TRACE backend=cycle event=complete cycle=40 pe=4 op=xfer dst_pe=8
MLX_TRACE backend=cycle event=issue cycle=41 pe=5 pc=0 op=0 tag=5
MLX_TRACE backend=cycle event=issue cycle=43 pe=5 pc=1 op=0 tag=5
MLX_TRACE backend=cycle event=issue cycle=45 pe=5 pc=2 op=0 tag=5
MLX_TRACE backend=cycle event=issue cycle=47 pe=5 pc=3 op=2 tag=5
MLX_TRACE backend=cycle event=complete cycle=51 pe=5 op=compute
MLX_TRACE backend=cycle event=issue cycle=52 pe=5 pc=4 op=7 tag=5
MLX_TRACE backend=cycle event=complete cycle=53 pe=5 op=compute
MLX_TRACE backend=cycle event=issue cycle=54 pe=5 pc=5 op=1 tag=5
MLX_TRACE backend=cycle event=issue cycle=55 pe=5 pc=6 op=8 tag=5
MLX_TRACE backend=cycle event=complete cycle=56 pe=5 op=xfer dst_pe=9
MLX_TRACE backend=cycle event=issue cycle=57 pe=8 pc=0 op=0 tag=8
MLX_TRACE backend=cycle event=issue cycle=59 pe=8 pc=1 op=3 tag=8
MLX_TRACE backend=cycle event=complete cycle=62 pe=8 op=compute
MLX_TRACE backend=cycle event=issue cycle=63 pe=8 pc=2 op=8 tag=8
MLX_TRACE backend=cycle event=complete cycle=64 pe=8 op=xfer dst_pe=12
MLX_TRACE backend=cycle event=issue cycle=65 pe=9 pc=0 op=0 tag=9
MLX_TRACE backend=cycle event=issue cycle=67 pe=9 pc=1 op=4 tag=9
MLX_TRACE backend=cycle event=complete cycle=68 pe=9 op=compute
MLX_TRACE backend=cycle event=issue cycle=69 pe=9 pc=2 op=8 tag=9
MLX_TRACE backend=cycle event=complete cycle=71 pe=9 op=xfer dst_pe=12
MLX_TRACE backend=cycle event=issue cycle=72 pe=10 pc=0 op=0 tag=10
MLX_TRACE backend=cycle event=issue cycle=74 pe=10 pc=1 op=0 tag=10
MLX_TRACE backend=cycle event=issue cycle=76 pe=10 pc=2 op=0 tag=10
MLX_TRACE backend=cycle event=issue cycle=78 pe=10 pc=3 op=3 tag=10
MLX_TRACE backend=cycle event=complete cycle=81 pe=10 op=compute
MLX_TRACE backend=cycle event=issue cycle=82 pe=10 pc=4 op=9 tag=10
MLX_TRACE backend=cycle event=complete cycle=85 pe=10 op=compute
MLX_TRACE backend=cycle event=issue cycle=86 pe=10 pc=5 op=8 tag=10
MLX_TRACE backend=cycle event=complete cycle=88 pe=10 op=xfer dst_pe=12
MLX_TRACE backend=cycle event=issue cycle=89 pe=11 pc=0 op=0 tag=11
MLX_TRACE backend=cycle event=issue cycle=91 pe=11 pc=1 op=5 tag=11
MLX_TRACE backend=cycle event=complete cycle=99 pe=11 op=compute
MLX_TRACE backend=cycle event=issue cycle=100 pe=11 pc=2 op=0 tag=11
MLX_TRACE backend=cycle event=issue cycle=102 pe=11 pc=3 op=6 tag=11
MLX_TRACE backend=cycle event=complete cycle=114 pe=11 op=compute
MLX_TRACE backend=cycle event=issue cycle=115 pe=11 pc=4 op=8 tag=11
MLX_TRACE backend=cycle event=complete cycle=118 pe=11 op=xfer dst_pe=12
MLX_TRACE backend=cycle event=issue cycle=119 pe=12 pc=0 op=3 tag=12
MLX_TRACE backend=cycle event=complete cycle=122 pe=12 op=compuAGENTSYS_MLX_SMOKE_PASS workload=transformer_block backend=cycle wait=5 host_config=982 host_launch_wait=515 system=478 dma=344 kernel=132 instructions=45 load=19 store=5 compute=15 xfer=6 sync_stall=40 hops=10 conflicts=152 dma_bytes=576 abi=4d4c5801 mismatches=0
te
MLX_TRACE backend=cycle event=issue cycle=123 pe=12 pc=1 op=2 tag=12
MLX_TRACE backend=cycle event=complete cycle=127 pe=12 op=compute
MLX_TRACE backend=cycle event=issue cycle=128 pe=12 pc=2 op=7 tag=12
MLX_TRACE backend=cycle event=complete cycle=129 pe=12 op=compute
MLX_TRACE backend=cycle event=issue cycle=130 pe=12 pc=3 op=1 tag=12
MLX_BACKEND_DONE backend=cycle cycle=131 instructions=45 stalls=40 hops=10 conflicts=152
MLX_SYSTEM_DONE backend=0 system_cycles=477 dma_cycles=343 backend_cycles=132 bytes=576
