memwall    co=none  rho设=0.00 实测=0.00  受害者 9.8ms x2957 (tp 101.90/s)  共跑者 0.0ms x0 (tp 0.00/s)
memwall    co=fp32  rho设=0.25 实测=0.27  受害者 9.8ms x2911 (tp 100.32/s)  共跑者 4.9ms x1612 (tp 55.55/s)
memwall    co=fp32  rho设=0.50 实测=0.52  受害者 9.9ms x2875 (tp 99.05/s)  共跑者 5.0ms x3030 (tp 104.40/s)
memwall    co=fp32  rho设=0.75 实测=0.78  受害者 10.1ms x2841 (tp 97.89/s)  共跑者 5.0ms x4471 (tp 154.05/s)
memwall    co=fp32  rho设=1.00 实测=1.03  受害者 10.3ms x2780 (tp 95.78/s)  共跑者 5.1ms x5811 (tp 200.21/s)
memwall    co=l2    rho设=0.25 实测=0.27  受害者 9.8ms x2732 (tp 94.14/s)  共跑者 9.4ms x897 (tp 30.91/s)
memwall    co=l2    rho设=0.50 实测=0.53  受害者 9.8ms x2507 (tp 86.39/s)  共跑者 9.6ms x1677 (tp 57.79/s)
memwall    co=l2    rho设=0.75 实测=0.78  受害者 12.7ms x2312 (tp 79.67/s)  共跑者 10.0ms x2366 (tp 81.53/s)
memwall    co=l2    rho设=1.00 实测=1.03  受害者 12.9ms x2097 (tp 72.26/s)  共跑者 10.3ms x3102 (tp 106.90/s)
memwall    co=dram  rho设=0.25 实测=0.28  受害者 9.8ms x2685 (tp 92.51/s)  共跑者 12.0ms x639 (tp 22.02/s)
memwall    co=dram  rho设=0.50 实测=0.53  受害者 9.8ms x2442 (tp 84.14/s)  共跑者 12.5ms x1212 (tp 41.76/s)
memwall    co=dram  rho设=0.75 实测=0.78  受害者 14.0ms x2212 (tp 76.23/s)  共跑者 12.8ms x1753 (tp 60.41/s)
memwall    co=dram  rho设=1.00 实测=1.03  受害者 14.1ms x2035 (tp 70.11/s)  共跑者 14.2ms x2181 (tp 75.14/s)
compwall   co=none  rho设=0.00 实测=0.00  受害者 9.0ms x3222 (tp 111.01/s)  共跑者 0.0ms x0 (tp 0.00/s)
compwall   co=fp32  rho设=0.25 实测=0.27  受害者 9.0ms x3019 (tp 104.02/s)  共跑者 11.3ms x735 (tp 25.32/s)
compwall   co=fp32  rho设=0.50 实测=0.53  受害者 9.2ms x2828 (tp 97.44/s)  共跑者 11.7ms x1316 (tp 45.34/s)
compwall   co=fp32  rho设=0.75 实测=0.78  受害者 11.2ms x2644 (tp 91.12/s)  共跑者 11.5ms x2011 (tp 69.31/s)
compwall   co=fp32  rho设=1.00 实测=1.03  受害者 12.9ms x2461 (tp 84.79/s)  共跑者 11.8ms x2543 (tp 87.62/s)
compwall   co=l2    rho设=0.25 实测=0.27  受害者 9.0ms x3033 (tp 104.53/s)  共跑者 5.2ms x1559 (tp 53.73/s)
compwall   co=l2    rho设=0.50 实测=0.53  受害者 9.2ms x2865 (tp 98.71/s)  共跑者 5.0ms x3184 (tp 109.70/s)
compwall   co=l2    rho设=0.75 实测=0.78  受害者 10.4ms x2701 (tp 93.06/s)  共跑者 5.0ms x4776 (tp 164.55/s)
compwall   co=l2    rho设=1.00 实测=1.03  受害者 10.9ms x2501 (tp 86.19/s)  共跑者 4.5ms x6566 (tp 226.27/s)
compwall   co=dram  rho设=0.25 实测=0.28  受害者 9.0ms x2936 (tp 101.16/s)  共跑者 7.5ms x989 (tp 34.08/s)
compwall   co=dram  rho设=0.50 实测=0.53  受害者 9.1ms x2711 (tp 93.41/s)  共跑者 7.4ms x1974 (tp 68.01/s)
compwall   co=dram  rho设=0.75 实测=0.78  受害者 12.0ms x2327 (tp 80.16/s)  共跑者 7.4ms x2830 (tp 97.48/s)
compwall   co=dram  rho设=1.00 实测=1.03  受害者 16.8ms x1731 (tp 59.66/s)  共跑者 7.1ms x3581 (tp 123.41/s)
saturated  co=none  rho设=0.00 实测=0.00  受害者 10.6ms x2738 (tp 94.34/s)  共跑者 0.0ms x0 (tp 0.00/s)
saturated  co=fp32  rho设=0.25 实测=0.30  受害者 10.6ms x2611 (tp 89.96/s)  共跑者 12.6ms x701 (tp 24.15/s)
saturated  co=fp32  rho设=0.50 实测=0.54  受害者 10.9ms x2473 (tp 85.21/s)  共跑者 12.6ms x1259 (tp 43.38/s)
saturated  co=fp32  rho设=0.75 实测=0.78  受害者 12.6ms x2383 (tp 82.12/s)  共跑者 12.7ms x1779 (tp 61.31/s)
saturated  co=fp32  rho设=1.00 实测=1.03  受害者 12.6ms x2147 (tp 73.98/s)  共跑者 13.5ms x2221 (tp 76.53/s)
saturated  co=l2    rho设=0.25 实测=0.28  受害者 10.6ms x2487 (tp 85.67/s)  共跑者 7.1ms x1186 (tp 40.86/s)
saturated  co=l2    rho设=0.50 实测=0.53  受害者 10.6ms x2254 (tp 77.67/s)  共跑者 6.8ms x2412 (tp 83.12/s)
saturated  co=l2    rho设=0.75 实测=0.78  受害者 15.9ms x2010 (tp 69.26/s)  共跑者 6.7ms x3594 (tp 123.84/s)
saturated  co=l2    rho设=1.00 实测=1.03  受害者 16.2ms x1773 (tp 61.10/s)  共跑者 6.7ms x4775 (tp 164.56/s)
saturated  co=dram  rho设=0.25 实测=0.27  受害者 10.4ms x2459 (tp 84.72/s)  共跑者 10.6ms x760 (tp 26.18/s)
saturated  co=dram  rho设=0.50 实测=0.53  受害者 10.4ms x2160 (tp 74.42/s)  共跑者 9.8ms x1536 (tp 52.92/s)
saturated  co=dram  rho设=0.75 实测=0.78  受害者 17.5ms x1868 (tp 64.36/s)  共跑者 9.7ms x2293 (tp 79.01/s)
saturated  co=dram  rho设=1.00 实测=1.03  受害者 18.8ms x1553 (tp 53.52/s)  共跑者 9.4ms x3089 (tp 106.45/s)
=== 矩阵完成 ===
