[1;32mSUCCESS: times_a=1, elements match in tpe_vector_c and vector_c for size A[1,32] * B[32,1] = C[1,1]![0m
[1;32mSUCCESS: times_a=2, elements match in tpe_vector_c and vector_c for size A[1,32] * B[32,1] = C[1,1]![0m
[1;32mSUCCESS: times_a=3, elements match in tpe_vector_c and vector_c for size A[1,32] * B[32,1] = C[1,1]![0m
[1;32mSUCCESS: times_a=4, elements match in tpe_vector_c and vector_c for size A[1,32] * B[32,1] = C[1,1]![0m
[1;32mSUCCESS: times_a=5, elements match in tpe_vector_c and vector_c for size A[1,32] * B[32,1] = C[1,1]![0m
[1;32mSUCCESS: times_a=6, elements match in tpe_vector_c and vector_c for size A[1,32] * B[32,1] = C[1,1]![0m
[1;32mSUCCESS: times_a=7, elements match in tpe_vector_c and vector_c for size A[1,32] * B[32,1] = C[1,1]![0m
[1;32mSUCCESS: times_a=8, elements match in tpe_vector_c and vector_c for size A[1,32] * B[32,1] = C[1,1]![0m
[1;32mSUCCESS: times_a=9, elements match in tpe_vector_c and vector_c for size A[1,32] * B[32,1] = C[1,1]![0m
[1;32mSUCCESS: times_a=10, elements match in tpe_vector_c and vector_c for size A[1,32] * B[32,1] = C[1,1]![0m
[1;32mSUCCESS: times_a=11, elements match in tpe_vector_c and vector_c for size A[1,32] * B[32,1] = C[1,1]![0m
[1;32mSUCCESS: times_a=12, elements match in tpe_vector_c and vector_c for size A[1,32] * B[32,1] = C[1,1]![0m
[1;32mSUCCESS: times_a=13, elements match in tpe_vector_c and vector_c for size A[1,32] * B[32,1] = C[1,1]![0m
[1;32mSUCCESS: times_a=14, elements match in tpe_vector_c and vector_c for size A[1,32] * B[32,1] = C[1,1]![0m
[1;32mSUCCESS: times_a=15, elements match in tpe_vector_c and vector_c for size A[1,32] * B[32,1] = C[1,1]![0m
[1;32mSUCCESS: times_a=16, elements match in tpe_vector_c and vector_c for size A[1,32] * B[32,1] = C[1,1]![0m
[1;32mSUCCESS: times_a=17, elements match in tpe_vector_c and vector_c for size A[1,32] * B[32,1] = C[1,1]![0m
[1;32mSUCCESS: times_a=18, elements match in tpe_vector_c and vector_c for size A[1,32] * B[32,1] = C[1,1]![0m
[1;32mSUCCESS: times_a=19, elements match in tpe_vector_c and vector_c for size A[1,32] * B[32,1] = C[1,1]![0m
[1;32mSUCCESS: times_a=20, elements match in tpe_vector_c and vector_c for size A[1,32] * B[32,1] = C[1,1]![0m
[1;32mSUCCESS: times_a=21, elements match in tpe_vector_c and vector_c for size A[1,32] * B[32,1] = C[1,1]![0m
[1;32mSUCCESS: times_a=22, elements match in tpe_vector_c and vector_c for size A[1,32] * B[32,1] = C[1,1]![0m
[1;32mSUCCESS: times_a=23, elements match in tpe_vector_c and vector_c for size A[1,32] * B[32,1] = C[1,1]![0m
[1;32mSUCCESS: times_a=24, elements match in tpe_vector_c and vector_c for size A[1,32] * B[32,1] = C[1,1]![0m
[1;32mSUCCESS: times_a=25, elements match in tpe_vector_c and vector_c for size A[1,32] * B[32,1] = C[1,1]![0m
[1;32mSUCCESS: times_a=26, elements match in tpe_vector_c and vector_c for size A[1,32] * B[32,1] = C[1,1]![0m
[1;32mSUCCESS: times_a=27, elements match in tpe_vector_c and vector_c for size A[1,32] * B[32,1] = C[1,1]![0m
[1;32mSUCCESS: times_a=28, elements match in tpe_vector_c and vector_c for size A[1,32] * B[32,1] = C[1,1]![0m
[1;32mSUCCESS: times_a=29, elements match in tpe_vector_c and vector_c for size A[1,32] * B[32,1] = C[1,1]![0m
[1;32mSUCCESS: times_a=30, elements match in tpe_vector_c and vector_c for size A[1,32] * B[32,1] = C[1,1]![0m
[1;32mSUCCESS: times_a=31, elements match in tpe_vector_c and vector_c for size A[1,32] * B[32,1] = C[1,1]![0m
[1;32mSUCCESS: times_a=32, elements match in tpe_vector_c and vector_c for size A[1,32] * B[32,1] = C[1,1]![0m
[1;32mSUCCESS: times_a=33, elements match in tpe_vector_c and vector_c for size A[1,32] * B[32,1] = C[1,1]![0m
[1;32mSUCCESS: times_a=34, elements match in tpe_vector_c and vector_c for size A[1,32] * B[32,1] = C[1,1]![0m
[1;32mSUCCESS: times_a=35, elements match in tpe_vector_c and vector_c for size A[1,32] * B[32,1] = C[1,1]![0m
[1;32mSUCCESS: times_a=36, elements match in tpe_vector_c and vector_c for size A[1,32] * B[32,1] = C[1,1]![0m
[1;32mSUCCESS: times_a=37, elements match in tpe_vector_c and vector_c for size A[1,32] * B[32,1] = C[1,1]![0m
[1;32mSUCCESS: times_a=38, elements match in tpe_vector_c and vector_c for size A[1,32] * B[32,1] = C[1,1]![0m
[1;32mSUCCESS: times_a=39, elements match in tpe_vector_c and vector_c for size A[1,32] * B[32,1] = C[1,1]![0m
[1;32mSUCCESS: times_a=40, elements match in tpe_vector_c and vector_c for size A[1,32] * B[32,1] = C[1,1]![0m
[1;32mSUCCESS: times_a=41, elements match in tpe_vector_c and vector_c for size A[1,32] * B[32,1] = C[1,1]![0m
[1;32mSUCCESS: times_a=42, elements match in tpe_vector_c and vector_c for size A[1,32] * B[32,1] = C[1,1]![0m
[1;32mSUCCESS: times_a=43, elements match in tpe_vector_c and vector_c for size A[1,32] * B[32,1] = C[1,1]![0m
[1;32mSUCCESS: times_a=44, elements match in tpe_vector_c and vector_c for size A[1,32] * B[32,1] = C[1,1]![0m
[1;32mSUCCESS: times_a=45, elements match in tpe_vector_c and vector_c for size A[1,32] * B[32,1] = C[1,1]![0m
[1;32mSUCCESS: times_a=46, elements match in tpe_vector_c and vector_c for size A[1,32] * B[32,1] = C[1,1]![0m
[1;32mSUCCESS: times_a=47, elements match in tpe_vector_c and vector_c for size A[1,32] * B[32,1] = C[1,1]![0m
[1;32mSUCCESS: times_a=48, elements match in tpe_vector_c and vector_c for size A[1,32] * B[32,1] = C[1,1]![0m
[1;32mSUCCESS: times_a=49, elements match in tpe_vector_c and vector_c for size A[1,32] * B[32,1] = C[1,1]![0m
[1;32mSUCCESS: times_a=50, elements match in tpe_vector_c and vector_c for size A[1,32] * B[32,1] = C[1,1]![0m
[1;32mSUCCESS: times_a=51, elements match in tpe_vector_c and vector_c for size A[1,32] * B[32,1] = C[1,1]![0m
[1;32mSUCCESS: times_a=52, elements match in tpe_vector_c and vector_c for size A[1,32] * B[32,1] = C[1,1]![0m
[1;32mSUCCESS: times_a=53, elements match in tpe_vector_c and vector_c for size A[1,32] * B[32,1] = C[1,1]![0m
[1;32mSUCCESS: times_a=54, elements match in tpe_vector_c and vector_c for size A[1,32] * B[32,1] = C[1,1]![0m
[1;32mSUCCESS: times_a=55, elements match in tpe_vector_c and vector_c for size A[1,32] * B[32,1] = C[1,1]![0m
[1;32mSUCCESS: times_a=56, elements match in tpe_vector_c and vector_c for size A[1,32] * B[32,1] = C[1,1]![0m
[1;32mSUCCESS: times_a=57, elements match in tpe_vector_c and vector_c for size A[1,32] * B[32,1] = C[1,1]![0m
[1;32mSUCCESS: times_a=58, elements match in tpe_vector_c and vector_c for size A[1,32] * B[32,1] = C[1,1]![0m
[1;32mSUCCESS: times_a=59, elements match in tpe_vector_c and vector_c for size A[1,32] * B[32,1] = C[1,1]![0m
[1;32mSUCCESS: times_a=60, elements match in tpe_vector_c and vector_c for size A[1,32] * B[32,1] = C[1,1]![0m
[1;32mSUCCESS: times_a=61, elements match in tpe_vector_c and vector_c for size A[1,32] * B[32,1] = C[1,1]![0m
[1;32mSUCCESS: times_a=62, elements match in tpe_vector_c and vector_c for size A[1,32] * B[32,1] = C[1,1]![0m
[1;32mSUCCESS: times_a=63, elements match in tpe_vector_c and vector_c for size A[1,32] * B[32,1] = C[1,1]![0m
[1;32mSUCCESS: times_a=64, elements match in tpe_vector_c and vector_c for size A[1,32] * B[32,1] = C[1,1]![0m
[1;32mSUCCESS: times_a=65, elements match in tpe_vector_c and vector_c for size A[1,32] * B[32,1] = C[1,1]![0m
[1;32mSUCCESS: times_a=66, elements match in tpe_vector_c and vector_c for size A[1,32] * B[32,1] = C[1,1]![0m
[1;32mSUCCESS: times_a=67, elements match in tpe_vector_c and vector_c for size A[1,32] * B[32,1] = C[1,1]![0m
[1;32mSUCCESS: times_a=68, elements match in tpe_vector_c and vector_c for size A[1,32] * B[32,1] = C[1,1]![0m
[1;32mSUCCESS: times_a=69, elements match in tpe_vector_c and vector_c for size A[1,32] * B[32,1] = C[1,1]![0m
[1;32mSUCCESS: times_a=70, elements match in tpe_vector_c and vector_c for size A[1,32] * B[32,1] = C[1,1]![0m
[1;32mSUCCESS: times_a=71, elements match in tpe_vector_c and vector_c for size A[1,32] * B[32,1] = C[1,1]![0m
[1;32mSUCCESS: times_a=72, elements match in tpe_vector_c and vector_c for size A[1,32] * B[32,1] = C[1,1]![0m
[1;32mSUCCESS: times_a=73, elements match in tpe_vector_c and vector_c for size A[1,32] * B[32,1] = C[1,1]![0m
[1;32mSUCCESS: times_a=74, elements match in tpe_vector_c and vector_c for size A[1,32] * B[32,1] = C[1,1]![0m
[1;32mSUCCESS: times_a=75, elements match in tpe_vector_c and vector_c for size A[1,32] * B[32,1] = C[1,1]![0m
[1;32mSUCCESS: times_a=76, elements match in tpe_vector_c and vector_c for size A[1,32] * B[32,1] = C[1,1]![0m
[1;32mSUCCESS: times_a=77, elements match in tpe_vector_c and vector_c for size A[1,32] * B[32,1] = C[1,1]![0m
[1;32mSUCCESS: times_a=78, elements match in tpe_vector_c and vector_c for size A[1,32] * B[32,1] = C[1,1]![0m
[1;32mSUCCESS: times_a=79, elements match in tpe_vector_c and vector_c for size A[1,32] * B[32,1] = C[1,1]![0m
[1;32mSUCCESS: times_a=80, elements match in tpe_vector_c and vector_c for size A[1,32] * B[32,1] = C[1,1]![0m
[1;32mSUCCESS: times_a=81, elements match in tpe_vector_c and vector_c for size A[1,32] * B[32,1] = C[1,1]![0m
[1;32mSUCCESS: times_a=82, elements match in tpe_vector_c and vector_c for size A[1,32] * B[32,1] = C[1,1]![0m
[1;32mSUCCESS: times_a=83, elements match in tpe_vector_c and vector_c for size A[1,32] * B[32,1] = C[1,1]![0m
[1;32mSUCCESS: times_a=84, elements match in tpe_vector_c and vector_c for size A[1,32] * B[32,1] = C[1,1]![0m
[1;32mSUCCESS: times_a=85, elements match in tpe_vector_c and vector_c for size A[1,32] * B[32,1] = C[1,1]![0m
[1;32mSUCCESS: times_a=86, elements match in tpe_vector_c and vector_c for size A[1,32] * B[32,1] = C[1,1]![0m
[1;32mSUCCESS: times_a=87, elements match in tpe_vector_c and vector_c for size A[1,32] * B[32,1] = C[1,1]![0m
[1;32mSUCCESS: times_a=88, elements match in tpe_vector_c and vector_c for size A[1,32] * B[32,1] = C[1,1]![0m
[1;32mSUCCESS: times_a=89, elements match in tpe_vector_c and vector_c for size A[1,32] * B[32,1] = C[1,1]![0m
[1;32mSUCCESS: times_a=90, elements match in tpe_vector_c and vector_c for size A[1,32] * B[32,1] = C[1,1]![0m
[1;32mSUCCESS: times_a=91, elements match in tpe_vector_c and vector_c for size A[1,32] * B[32,1] = C[1,1]![0m
[1;32mSUCCESS: times_a=92, elements match in tpe_vector_c and vector_c for size A[1,32] * B[32,1] = C[1,1]![0m
[1;32mSUCCESS: times_a=93, elements match in tpe_vector_c and vector_c for size A[1,32] * B[32,1] = C[1,1]![0m
[1;32mSUCCESS: times_a=94, elements match in tpe_vector_c and vector_c for size A[1,32] * B[32,1] = C[1,1]![0m
[1;32mSUCCESS: times_a=95, elements match in tpe_vector_c and vector_c for size A[1,32] * B[32,1] = C[1,1]![0m
[1;32mSUCCESS: times_a=96, elements match in tpe_vector_c and vector_c for size A[1,32] * B[32,1] = C[1,1]![0m
[1;32mSUCCESS: times_a=97, elements match in tpe_vector_c and vector_c for size A[1,32] * B[32,1] = C[1,1]![0m
[1;32mSUCCESS: times_a=98, elements match in tpe_vector_c and vector_c for size A[1,32] * B[32,1] = C[1,1]![0m
[1;32mSUCCESS: times_a=99, elements match in tpe_vector_c and vector_c for size A[1,32] * B[32,1] = C[1,1]![0m
[1;32mSUCCESS: times_a=100, elements match in tpe_vector_c and vector_c for size A[1,32] * B[32,1] = C[1,1]![0m
[1;32mSUCCESS: times_a=101, elements match in tpe_vector_c and vector_c for size A[1,32] * B[32,1] = C[1,1]![0m
[1;32mSUCCESS: times_a=102, elements match in tpe_vector_c and vector_c for size A[1,32] * B[32,1] = C[1,1]![0m
[1;32mSUCCESS: times_a=103, elements match in tpe_vector_c and vector_c for size A[1,32] * B[32,1] = C[1,1]![0m
[1;32mSUCCESS: times_a=104, elements match in tpe_vector_c and vector_c for size A[1,32] * B[32,1] = C[1,1]![0m
[1;32mSUCCESS: times_a=105, elements match in tpe_vector_c and vector_c for size A[1,32] * B[32,1] = C[1,1]![0m
[1;32mSUCCESS: times_a=106, elements match in tpe_vector_c and vector_c for size A[1,32] * B[32,1] = C[1,1]![0m
[1;32mSUCCESS: times_a=107, elements match in tpe_vector_c and vector_c for size A[1,32] * B[32,1] = C[1,1]![0m
[1;32mSUCCESS: times_a=108, elements match in tpe_vector_c and vector_c for size A[1,32] * B[32,1] = C[1,1]![0m
[1;32mSUCCESS: times_a=109, elements match in tpe_vector_c and vector_c for size A[1,32] * B[32,1] = C[1,1]![0m
[1;32mSUCCESS: times_a=110, elements match in tpe_vector_c and vector_c for size A[1,32] * B[32,1] = C[1,1]![0m
[1;32mSUCCESS: times_a=111, elements match in tpe_vector_c and vector_c for size A[1,32] * B[32,1] = C[1,1]![0m
[1;32mSUCCESS: times_a=112, elements match in tpe_vector_c and vector_c for size A[1,32] * B[32,1] = C[1,1]![0m
[1;32mSUCCESS: times_a=113, elements match in tpe_vector_c and vector_c for size A[1,32] * B[32,1] = C[1,1]![0m
[1;32mSUCCESS: times_a=114, elements match in tpe_vector_c and vector_c for size A[1,32] * B[32,1] = C[1,1]![0m
[1;32mSUCCESS: times_a=115, elements match in tpe_vector_c and vector_c for size A[1,32] * B[32,1] = C[1,1]![0m
[1;32mSUCCESS: times_a=116, elements match in tpe_vector_c and vector_c for size A[1,32] * B[32,1] = C[1,1]![0m
[1;32mSUCCESS: times_a=117, elements match in tpe_vector_c and vector_c for size A[1,32] * B[32,1] = C[1,1]![0m
[1;32mSUCCESS: times_a=118, elements match in tpe_vector_c and vector_c for size A[1,32] * B[32,1] = C[1,1]![0m
[1;32mSUCCESS: times_a=119, elements match in tpe_vector_c and vector_c for size A[1,32] * B[32,1] = C[1,1]![0m
[1;32mSUCCESS: times_a=120, elements match in tpe_vector_c and vector_c for size A[1,32] * B[32,1] = C[1,1]![0m
[1;32mSUCCESS: times_a=121, elements match in tpe_vector_c and vector_c for size A[1,32] * B[32,1] = C[1,1]![0m
[1;32mSUCCESS: times_a=122, elements match in tpe_vector_c and vector_c for size A[1,32] * B[32,1] = C[1,1]![0m
[1;32mSUCCESS: times_a=123, elements match in tpe_vector_c and vector_c for size A[1,32] * B[32,1] = C[1,1]![0m
[1;32mSUCCESS: times_a=124, elements match in tpe_vector_c and vector_c for size A[1,32] * B[32,1] = C[1,1]![0m
[1;32mSUCCESS: times_a=125, elements match in tpe_vector_c and vector_c for size A[1,32] * B[32,1] = C[1,1]![0m
[1;32mSUCCESS: times_a=126, elements match in tpe_vector_c and vector_c for size A[1,32] * B[32,1] = C[1,1]![0m
[1;32mSUCCESS: times_a=127, elements match in tpe_vector_c and vector_c for size A[1,32] * B[32,1] = C[1,1]![0m
[1;32mSUCCESS: times_a=128, elements match in tpe_vector_c and vector_c for size A[1,32] * B[32,1] = C[1,1]![0m
[1;32mSUCCESS: times_a=129, elements match in tpe_vector_c and vector_c for size A[1,32] * B[32,1] = C[1,1]![0m
[1;32mSUCCESS: times_a=130, elements match in tpe_vector_c and vector_c for size A[1,32] * B[32,1] = C[1,1]![0m
[1;32mSUCCESS: times_a=131, elements match in tpe_vector_c and vector_c for size A[1,32] * B[32,1] = C[1,1]![0m
[1;32mSUCCESS: times_a=132, elements match in tpe_vector_c and vector_c for size A[1,32] * B[32,1] = C[1,1]![0m
[1;32mSUCCESS: times_a=133, elements match in tpe_vector_c and vector_c for size A[1,32] * B[32,1] = C[1,1]![0m
[1;32mSUCCESS: times_a=134, elements match in tpe_vector_c and vector_c for size A[1,32] * B[32,1] = C[1,1]![0m
[1;32mSUCCESS: times_a=135, elements match in tpe_vector_c and vector_c for size A[1,32] * B[32,1] = C[1,1]![0m
[1;32mSUCCESS: times_a=136, elements match in tpe_vector_c and vector_c for size A[1,32] * B[32,1] = C[1,1]![0m
[1;32mSUCCESS: times_a=137, elements match in tpe_vector_c and vector_c for size A[1,32] * B[32,1] = C[1,1]![0m
[1;32mSUCCESS: times_a=138, elements match in tpe_vector_c and vector_c for size A[1,32] * B[32,1] = C[1,1]![0m
[1;32mSUCCESS: times_a=139, elements match in tpe_vector_c and vector_c for size A[1,32] * B[32,1] = C[1,1]![0m
[1;32mSUCCESS: times_a=140, elements match in tpe_vector_c and vector_c for size A[1,32] * B[32,1] = C[1,1]![0m
[1;32mSUCCESS: times_a=141, elements match in tpe_vector_c and vector_c for size A[1,32] * B[32,1] = C[1,1]![0m
[1;32mSUCCESS: times_a=142, elements match in tpe_vector_c and vector_c for size A[1,32] * B[32,1] = C[1,1]![0m
[1;32mSUCCESS: times_a=143, elements match in tpe_vector_c and vector_c for size A[1,32] * B[32,1] = C[1,1]![0m
[1;32mSUCCESS: times_a=144, elements match in tpe_vector_c and vector_c for size A[1,32] * B[32,1] = C[1,1]![0m
[1;32mSUCCESS: times_a=145, elements match in tpe_vector_c and vector_c for size A[1,32] * B[32,1] = C[1,1]![0m
[1;32mSUCCESS: times_a=146, elements match in tpe_vector_c and vector_c for size A[1,32] * B[32,1] = C[1,1]![0m
[1;32mSUCCESS: times_a=147, elements match in tpe_vector_c and vector_c for size A[1,32] * B[32,1] = C[1,1]![0m
[1;32mSUCCESS: times_a=148, elements match in tpe_vector_c and vector_c for size A[1,32] * B[32,1] = C[1,1]![0m
[1;32mSUCCESS: times_a=149, elements match in tpe_vector_c and vector_c for size A[1,32] * B[32,1] = C[1,1]![0m
[1;32mSUCCESS: times_a=150, elements match in tpe_vector_c and vector_c for size A[1,32] * B[32,1] = C[1,1]![0m
[1;32mSUCCESS: times_a=151, elements match in tpe_vector_c and vector_c for size A[1,32] * B[32,1] = C[1,1]![0m
[1;32mSUCCESS: times_a=152, elements match in tpe_vector_c and vector_c for size A[1,32] * B[32,1] = C[1,1]![0m
[1;32mSUCCESS: times_a=153, elements match in tpe_vector_c and vector_c for size A[1,32] * B[32,1] = C[1,1]![0m
[1;32mSUCCESS: times_a=154, elements match in tpe_vector_c and vector_c for size A[1,32] * B[32,1] = C[1,1]![0m
[1;32mSUCCESS: times_a=155, elements match in tpe_vector_c and vector_c for size A[1,32] * B[32,1] = C[1,1]![0m
[1;32mSUCCESS: times_a=156, elements match in tpe_vector_c and vector_c for size A[1,32] * B[32,1] = C[1,1]![0m
[1;32mSUCCESS: times_a=157, elements match in tpe_vector_c and vector_c for size A[1,32] * B[32,1] = C[1,1]![0m
[1;32mSUCCESS: times_a=158, elements match in tpe_vector_c and vector_c for size A[1,32] * B[32,1] = C[1,1]![0m
[1;32mSUCCESS: times_a=159, elements match in tpe_vector_c and vector_c for size A[1,32] * B[32,1] = C[1,1]![0m
[1;32mSUCCESS: times_a=160, elements match in tpe_vector_c and vector_c for size A[1,32] * B[32,1] = C[1,1]![0m
[1;32mSUCCESS: times_a=161, elements match in tpe_vector_c and vector_c for size A[1,32] * B[32,1] = C[1,1]![0m
[1;32mSUCCESS: times_a=162, elements match in tpe_vector_c and vector_c for size A[1,32] * B[32,1] = C[1,1]![0m
[1;32mSUCCESS: times_a=163, elements match in tpe_vector_c and vector_c for size A[1,32] * B[32,1] = C[1,1]![0m
[1;32mSUCCESS: times_a=164, elements match in tpe_vector_c and vector_c for size A[1,32] * B[32,1] = C[1,1]![0m
[1;32mSUCCESS: times_a=165, elements match in tpe_vector_c and vector_c for size A[1,32] * B[32,1] = C[1,1]![0m
[1;32mSUCCESS: times_a=166, elements match in tpe_vector_c and vector_c for size A[1,32] * B[32,1] = C[1,1]![0m
[1;32mSUCCESS: times_a=167, elements match in tpe_vector_c and vector_c for size A[1,32] * B[32,1] = C[1,1]![0m
[1;32mSUCCESS: times_a=168, elements match in tpe_vector_c and vector_c for size A[1,32] * B[32,1] = C[1,1]![0m
[1;32mSUCCESS: times_a=169, elements match in tpe_vector_c and vector_c for size A[1,32] * B[32,1] = C[1,1]![0m
[1;32mSUCCESS: times_a=170, elements match in tpe_vector_c and vector_c for size A[1,32] * B[32,1] = C[1,1]![0m
[1;32mSUCCESS: times_a=171, elements match in tpe_vector_c and vector_c for size A[1,32] * B[32,1] = C[1,1]![0m
[1;32mSUCCESS: times_a=172, elements match in tpe_vector_c and vector_c for size A[1,32] * B[32,1] = C[1,1]![0m
[1;32mSUCCESS: times_a=173, elements match in tpe_vector_c and vector_c for size A[1,32] * B[32,1] = C[1,1]![0m
[1;32mSUCCESS: times_a=174, elements match in tpe_vector_c and vector_c for size A[1,32] * B[32,1] = C[1,1]![0m
[1;32mSUCCESS: times_a=175, elements match in tpe_vector_c and vector_c for size A[1,32] * B[32,1] = C[1,1]![0m
[1;32mSUCCESS: times_a=176, elements match in tpe_vector_c and vector_c for size A[1,32] * B[32,1] = C[1,1]![0m
[1;32mSUCCESS: times_a=177, elements match in tpe_vector_c and vector_c for size A[1,32] * B[32,1] = C[1,1]![0m
[1;32mSUCCESS: times_a=178, elements match in tpe_vector_c and vector_c for size A[1,32] * B[32,1] = C[1,1]![0m
[1;32mSUCCESS: times_a=179, elements match in tpe_vector_c and vector_c for size A[1,32] * B[32,1] = C[1,1]![0m
[1;32mSUCCESS: times_a=180, elements match in tpe_vector_c and vector_c for size A[1,32] * B[32,1] = C[1,1]![0m
[1;32mSUCCESS: times_a=181, elements match in tpe_vector_c and vector_c for size A[1,32] * B[32,1] = C[1,1]![0m
[1;32mSUCCESS: times_a=182, elements match in tpe_vector_c and vector_c for size A[1,32] * B[32,1] = C[1,1]![0m
[1;32mSUCCESS: times_a=183, elements match in tpe_vector_c and vector_c for size A[1,32] * B[32,1] = C[1,1]![0m
[1;32mSUCCESS: times_a=184, elements match in tpe_vector_c and vector_c for size A[1,32] * B[32,1] = C[1,1]![0m
[1;32mSUCCESS: times_a=185, elements match in tpe_vector_c and vector_c for size A[1,32] * B[32,1] = C[1,1]![0m
[1;32mSUCCESS: times_a=186, elements match in tpe_vector_c and vector_c for size A[1,32] * B[32,1] = C[1,1]![0m
[1;32mSUCCESS: times_a=187, elements match in tpe_vector_c and vector_c for size A[1,32] * B[32,1] = C[1,1]![0m
[1;32mSUCCESS: times_a=188, elements match in tpe_vector_c and vector_c for size A[1,32] * B[32,1] = C[1,1]![0m
[1;32mSUCCESS: times_a=189, elements match in tpe_vector_c and vector_c for size A[1,32] * B[32,1] = C[1,1]![0m
[1;32mSUCCESS: times_a=190, elements match in tpe_vector_c and vector_c for size A[1,32] * B[32,1] = C[1,1]![0m
[1;32mSUCCESS: times_a=191, elements match in tpe_vector_c and vector_c for size A[1,32] * B[32,1] = C[1,1]![0m
[1;32mSUCCESS: times_a=192, elements match in tpe_vector_c and vector_c for size A[1,32] * B[32,1] = C[1,1]![0m
[1;32mSUCCESS: times_a=193, elements match in tpe_vector_c and vector_c for size A[1,32] * B[32,1] = C[1,1]![0m
[1;32mSUCCESS: times_a=194, elements match in tpe_vector_c and vector_c for size A[1,32] * B[32,1] = C[1,1]![0m
[1;32mSUCCESS: times_a=195, elements match in tpe_vector_c and vector_c for size A[1,32] * B[32,1] = C[1,1]![0m
[1;32mSUCCESS: times_a=196, elements match in tpe_vector_c and vector_c for size A[1,32] * B[32,1] = C[1,1]![0m
[1;32mSUCCESS: times_a=197, elements match in tpe_vector_c and vector_c for size A[1,32] * B[32,1] = C[1,1]![0m
[1;32mSUCCESS: times_a=198, elements match in tpe_vector_c and vector_c for size A[1,32] * B[32,1] = C[1,1]![0m
[1;32mSUCCESS: times_a=199, elements match in tpe_vector_c and vector_c for size A[1,32] * B[32,1] = C[1,1]![0m
[1;32mSUCCESS: times_a=200, elements match in tpe_vector_c and vector_c for size A[1,32] * B[32,1] = C[1,1]![0m
[1;32mSUCCESS: times_a=201, elements match in tpe_vector_c and vector_c for size A[1,32] * B[32,1] = C[1,1]![0m
[1;32mSUCCESS: times_a=202, elements match in tpe_vector_c and vector_c for size A[1,32] * B[32,1] = C[1,1]![0m
[1;32mSUCCESS: times_a=203, elements match in tpe_vector_c and vector_c for size A[1,32] * B[32,1] = C[1,1]![0m
[1;32mSUCCESS: times_a=204, elements match in tpe_vector_c and vector_c for size A[1,32] * B[32,1] = C[1,1]![0m
[1;32mSUCCESS: times_a=205, elements match in tpe_vector_c and vector_c for size A[1,32] * B[32,1] = C[1,1]![0m
[1;32mSUCCESS: times_a=206, elements match in tpe_vector_c and vector_c for size A[1,32] * B[32,1] = C[1,1]![0m
[1;32mSUCCESS: times_a=207, elements match in tpe_vector_c and vector_c for size A[1,32] * B[32,1] = C[1,1]![0m
[1;32mSUCCESS: times_a=208, elements match in tpe_vector_c and vector_c for size A[1,32] * B[32,1] = C[1,1]![0m
[1;32mSUCCESS: times_a=209, elements match in tpe_vector_c and vector_c for size A[1,32] * B[32,1] = C[1,1]![0m
[1;32mSUCCESS: times_a=210, elements match in tpe_vector_c and vector_c for size A[1,32] * B[32,1] = C[1,1]![0m
[1;32mSUCCESS: times_a=211, elements match in tpe_vector_c and vector_c for size A[1,32] * B[32,1] = C[1,1]![0m
[1;32mSUCCESS: times_a=212, elements match in tpe_vector_c and vector_c for size A[1,32] * B[32,1] = C[1,1]![0m
[1;32mSUCCESS: times_a=213, elements match in tpe_vector_c and vector_c for size A[1,32] * B[32,1] = C[1,1]![0m
[1;32mSUCCESS: times_a=214, elements match in tpe_vector_c and vector_c for size A[1,32] * B[32,1] = C[1,1]![0m
[1;32mSUCCESS: times_a=215, elements match in tpe_vector_c and vector_c for size A[1,32] * B[32,1] = C[1,1]![0m
[1;32mSUCCESS: times_a=216, elements match in tpe_vector_c and vector_c for size A[1,32] * B[32,1] = C[1,1]![0m
[1;32mSUCCESS: times_a=217, elements match in tpe_vector_c and vector_c for size A[1,32] * B[32,1] = C[1,1]![0m
[1;32mSUCCESS: times_a=218, elements match in tpe_vector_c and vector_c for size A[1,32] * B[32,1] = C[1,1]![0m
[1;32mSUCCESS: times_a=219, elements match in tpe_vector_c and vector_c for size A[1,32] * B[32,1] = C[1,1]![0m
[1;32mSUCCESS: times_a=220, elements match in tpe_vector_c and vector_c for size A[1,32] * B[32,1] = C[1,1]![0m
[1;32mSUCCESS: times_a=221, elements match in tpe_vector_c and vector_c for size A[1,32] * B[32,1] = C[1,1]![0m
[1;32mSUCCESS: times_a=222, elements match in tpe_vector_c and vector_c for size A[1,32] * B[32,1] = C[1,1]![0m
[1;32mSUCCESS: times_a=223, elements match in tpe_vector_c and vector_c for size A[1,32] * B[32,1] = C[1,1]![0m
[1;32mSUCCESS: times_a=224, elements match in tpe_vector_c and vector_c for size A[1,32] * B[32,1] = C[1,1]![0m
[1;32mSUCCESS: times_a=225, elements match in tpe_vector_c and vector_c for size A[1,32] * B[32,1] = C[1,1]![0m
[1;32mSUCCESS: times_a=226, elements match in tpe_vector_c and vector_c for size A[1,32] * B[32,1] = C[1,1]![0m
[1;32mSUCCESS: times_a=227, elements match in tpe_vector_c and vector_c for size A[1,32] * B[32,1] = C[1,1]![0m
[1;32mSUCCESS: times_a=228, elements match in tpe_vector_c and vector_c for size A[1,32] * B[32,1] = C[1,1]![0m
[1;32mSUCCESS: times_a=229, elements match in tpe_vector_c and vector_c for size A[1,32] * B[32,1] = C[1,1]![0m
[1;32mSUCCESS: times_a=230, elements match in tpe_vector_c and vector_c for size A[1,32] * B[32,1] = C[1,1]![0m
[1;32mSUCCESS: times_a=231, elements match in tpe_vector_c and vector_c for size A[1,32] * B[32,1] = C[1,1]![0m
[1;32mSUCCESS: times_a=232, elements match in tpe_vector_c and vector_c for size A[1,32] * B[32,1] = C[1,1]![0m
[1;32mSUCCESS: times_a=233, elements match in tpe_vector_c and vector_c for size A[1,32] * B[32,1] = C[1,1]![0m
[1;32mSUCCESS: times_a=234, elements match in tpe_vector_c and vector_c for size A[1,32] * B[32,1] = C[1,1]![0m
[1;32mSUCCESS: times_a=235, elements match in tpe_vector_c and vector_c for size A[1,32] * B[32,1] = C[1,1]![0m
[1;32mSUCCESS: times_a=236, elements match in tpe_vector_c and vector_c for size A[1,32] * B[32,1] = C[1,1]![0m
[1;32mSUCCESS: times_a=237, elements match in tpe_vector_c and vector_c for size A[1,32] * B[32,1] = C[1,1]![0m
[1;32mSUCCESS: times_a=238, elements match in tpe_vector_c and vector_c for size A[1,32] * B[32,1] = C[1,1]![0m
[1;32mSUCCESS: times_a=239, elements match in tpe_vector_c and vector_c for size A[1,32] * B[32,1] = C[1,1]![0m
[1;32mSUCCESS: times_a=240, elements match in tpe_vector_c and vector_c for size A[1,32] * B[32,1] = C[1,1]![0m
[1;32mSUCCESS: times_a=241, elements match in tpe_vector_c and vector_c for size A[1,32] * B[32,1] = C[1,1]![0m
[1;32mSUCCESS: times_a=242, elements match in tpe_vector_c and vector_c for size A[1,32] * B[32,1] = C[1,1]![0m
[1;32mSUCCESS: times_a=243, elements match in tpe_vector_c and vector_c for size A[1,32] * B[32,1] = C[1,1]![0m
[1;32mSUCCESS: times_a=244, elements match in tpe_vector_c and vector_c for size A[1,32] * B[32,1] = C[1,1]![0m
[1;32mSUCCESS: times_a=245, elements match in tpe_vector_c and vector_c for size A[1,32] * B[32,1] = C[1,1]![0m
[1;32mSUCCESS: times_a=246, elements match in tpe_vector_c and vector_c for size A[1,32] * B[32,1] = C[1,1]![0m
[1;32mSUCCESS: times_a=247, elements match in tpe_vector_c and vector_c for size A[1,32] * B[32,1] = C[1,1]![0m
[1;32mSUCCESS: times_a=248, elements match in tpe_vector_c and vector_c for size A[1,32] * B[32,1] = C[1,1]![0m
[1;32mSUCCESS: times_a=249, elements match in tpe_vector_c and vector_c for size A[1,32] * B[32,1] = C[1,1]![0m
[1;32mSUCCESS: times_a=250, elements match in tpe_vector_c and vector_c for size A[1,32] * B[32,1] = C[1,1]![0m
[1;32mSUCCESS: times_a=251, elements match in tpe_vector_c and vector_c for size A[1,32] * B[32,1] = C[1,1]![0m
[1;32mSUCCESS: times_a=252, elements match in tpe_vector_c and vector_c for size A[1,32] * B[32,1] = C[1,1]![0m
[1;32mSUCCESS: times_a=253, elements match in tpe_vector_c and vector_c for size A[1,32] * B[32,1] = C[1,1]![0m
[1;32mSUCCESS: times_a=254, elements match in tpe_vector_c and vector_c for size A[1,32] * B[32,1] = C[1,1]![0m
[1;32mSUCCESS: times_a=255, elements match in tpe_vector_c and vector_c for size A[1,32] * B[32,1] = C[1,1]![0m
[1;32mSUCCESS: times_a=256, elements match in tpe_vector_c and vector_c for size A[1,32] * B[32,1] = C[1,1]![0m
[31mAverage cal_cycle for per-operand = 2.07[0m
- /tmp/hptpe-opt3_pe-gweux81_/testbench.sv:204: Verilog $finish
- S i m u l a t i o n   R e p o r t: Verilator 5.050 2026-07-01
- Verilator: $finish at 60us; walltime 0.018 s; speed 3.427 ms/s
- Verilator: cpu 0.018 s on 1 threads; allocated 6 MB
