This emulator compiled with JTAG Remote Bitbang client. To enable, use +jtag_rbb_enable=1.
Listening on port 46463
[UART] UART0 is here (stdin/stdout).
MLX_TRACE backend=rtl event=issue cycle=0 pe=0 pc=0 op=0 tag=0
MLX_TRACE backend=rtl event=complete cycle=1 pe=0 pc=0 op=0
MLX_TRACE backend=rtl event=issue cycle=2 pe=0 pc=1 op=0 tag=0
MLX_TRACE backend=rtl event=complete cycle=3 pe=0 pc=1 op=0
MLX_TRACE backend=rtl event=issue cycle=4 pe=0 pc=2 op=0 tag=0
MLX_TRACE backend=rtl event=complete cycle=5 pe=0 pc=2 op=0
MLX_TRACE backend=rtl event=issue cycle=6 pe=0 pc=3 op=9 tag=0
MLX_TRACE backend=rtl event=issue cycle=6 pe=1 pc=0 op=0 tag=1
MLX_TRACE backend=rtl event=complete cycle=7 pe=1 pc=0 op=0
MLX_TRACE backend=rtl event=issue cycle=8 pe=1 pc=1 op=0 tag=1
MLX_TRACE backend=rtl event=complete cycle=9 pe=0 pc=3 op=9
MLX_TRACE backend=rtl event=complete cycle=9 pe=1 pc=1 op=0
MLX_TRACE backend=rtl event=issue cycle=10 pe=0 pc=4 op=2 tag=0
MLX_TRACE backend=rtl event=issue cycle=10 pe=1 pc=2 op=0 tag=1
MLX_TRACE backend=rtl event=complete cycle=11 pe=1 pc=2 op=0
MLX_TRACE backend=rtl event=issue cycle=12 pe=1 pc=3 op=0 tag=1
MLX_TRACE backend=rtl event=complete cycle=13 pe=1 pc=3 op=0
MLX_TRACE backend=rtl event=complete cycle=14 pe=0 pc=4 op=2
MLX_TRACE backend=rtl event=issue cycle=14 pe=1 pc=4 op=9 tag=1
MLX_TRACE backend=rtl event=issue cycle=14 pe=2 pc=0 op=0 tag=2
MLX_TRACE backend=rtl event=issue cycle=15 pe=0 pc=5 op=8 tag=0
MLX_TRACE backend=rtl event=complete cycle=15 pe=2 pc=0 op=0
MLX_TRACE backend=rtl event=issue cycle=16 pe=2 pc=1 op=0 tag=2
MLX_TRACE backend=rtl event=complete cycle=16 pe=0 pc=5 op=8 dst_pe=4 hops=1
MLX_TRACE backend=rtl event=complete cycle=17 pe=1 pc=4 op=9
MLX_TRACE backend=rtl event=complete cycle=17 pe=2 pc=1 op=0
MLX_TRACE backend=rtl event=issue cycle=18 pe=1 pc=5 op=2 tag=1
MLX_TRACE backend=rtl event=issue cycle=18 pe=2 pc=2 op=0 tag=2
MLX_TRACE backend=rtl event=complete cycle=19 pe=2 pc=2 op=0
MLX_TRACE backend=rtl event=issue cycle=20 pe=2 pc=3 op=9 tag=2
MLX_TRACE backend=rtl event=issue cycle=20 pe=3 pc=0 op=0 tag=3
MLX_TRACE backend=rtl event=complete cycle=21 pe=3 pc=0 op=0
MLX_TRACE backend=rtl event=complete cycle=22 pe=1 pc=5 op=2
MLX_TRACE backend=rtl event=issue cycle=22 pe=3 pc=1 op=0 tag=3
MLX_TRACE backend=rtl event=issue cycle=23 pe=1 pc=6 op=8 tag=1
MLX_TRACE backend=rtl event=complete cycle=23 pe=2 pc=3 op=9
MLX_TRACE backend=rtl event=complete cycle=23 pe=3 pc=1 op=0
MLX_TRACE backend=rtl event=issue cycle=24 pe=2 pc=4 op=2 tag=2
MLX_TRACE backend=rtl event=issue cycle=24 pe=3 pc=2 op=0 tag=3
MLX_TRACE backend=rtl event=complete cycle=25 pe=3 pc=2 op=0
MLX_TRACE backend=rtl event=complete cycle=25 pe=1 pc=6 op=8 dst_pe=4 hops=1
MLX_TRACE backend=rtl event=issue cycle=26 pe=3 pc=3 op=0 tag=3
MLX_TRACE backend=rtl event=complete cycle=27 pe=3 pc=3 op=0
MLX_TRACE backend=rtl event=complete cycle=28 pe=2 pc=4 op=2
MLX_TRACE backend=rtl event=issue cycle=28 pe=3 pc=4 op=9 tag=3
MLX_TRACE backend=rtl event=issue cycle=28 pe=4 pc=0 op=0 tag=4
MLX_TRACE backend=rtl event=issue cycle=29 pe=2 pc=5 op=8 tag=2
MLX_TRACE backend=rtl event=complete cycle=29 pe=4 pc=0 op=0
MLX_TRACE backend=rtl event=issue cycle=30 pe=4 pc=1 op=3 tag=4
MLX_TRACE backend=rtl event=issue cycle=30 pe=5 pc=0 op=0 tag=5
MLX_TRACE backend=rtl event=complete cycle=31 pe=3 pc=4 op=9
MLX_TRACE backend=rtl event=complete cycle=31 pe=5 pc=0 op=0
MLX_TRACE backend=rtl event=issue cycle=32 pe=3 pc=5 op=2 tag=3
MLX_TRACE backend=rtl event=issue cycle=32 pe=8 pc=0 op=0 tag=8
MLX_TRACE backend=rtl event=complete cycle=32 pe=2 pc=5 op=8 dst_pe=5 hops=1
MLX_TRACE backend=rtl event=complete cycle=33 pe=4 pc=1 op=3
MLX_TRACE backend=rtl event=complete cycle=33 pe=8 pc=0 op=0
MLX_TRACE backend=rtl event=issue cycle=34 pe=4 pc=2 op=9 tag=4
MLX_TRACE backend=rtl event=issue cycle=34 pe=9 pc=0 op=0 tag=9
MLX_TRACE backend=rtl event=complete cycle=35 pe=9 pc=0 op=0
MLX_TRACE backend=rtl event=complete cycle=36 pe=3 pc=5 op=2
MLX_TRACE backend=rtl event=issue cycle=37 pe=3 pc=6 op=8 tag=3
MLX_TRACE backend=rtl event=complete cycle=37 pe=4 pc=2 op=9
MLX_TRACE backend=rtl event=issue cycle=38 pe=4 pc=3 op=8 tag=4
MLX_TRACE backend=rtAGENTSYS_MLX_SMOKE_PASS workload=bsmm backend=rtl wait=13 host_config=960 host_launch_wait=429 system=391 dma=328 kernel=61 instructions=44 load=18 store=2 compute=16 xfer=8 sync_stall=202 hops=14 conflicts=1 dma_bytes=576 abi=4d4c5801 mismatches=0
l event=complete cycle=39 pe=3 pc=6 op=8 dst_pe=5 hops=1
MLX_TRACE backend=rtl event=complete cycle=39 pe=4 pc=3 op=8 dst_pe=8 hops=1
MLX_TRACE backend=rtl event=issue cycle=40 pe=4 pc=4 op=8 tag=4
MLX_TRACE backend=rtl event=issue cycle=40 pe=5 pc=1 op=3 tag=5
MLX_TRACE backend=rtl event=complete cycle=42 pe=4 pc=4 op=8 dst_pe=9 hops=1
MLX_TRACE backend=rtl event=complete cycle=43 pe=5 pc=1 op=3
MLX_TRACE backend=rtl event=issue cycle=43 pe=9 pc=1 op=9 tag=9
MLX_TRACE backend=rtl event=issue cycle=44 pe=5 pc=2 op=9 tag=5
MLX_TRACE backend=rtl event=complete cycle=46 pe=9 pc=1 op=9
MLX_TRACE backend=rtl event=complete cycle=47 pe=5 pc=2 op=9
MLX_TRACE backend=rtl event=issue cycle=48 pe=5 pc=3 op=8 tag=5
MLX_TRACE backend=rtl event=complete cycle=50 pe=5 pc=3 op=8 dst_pe=8 hops=1
MLX_TRACE backend=rtl event=issue cycle=51 pe=5 pc=4 op=8 tag=5
MLX_TRACE backend=rtl event=issue cycle=51 pe=8 pc=1 op=3 tag=8
MLX_TRACE backend=rtl event=complete cycle=52 pe=5 pc=4 op=8 dst_pe=9 hops=1
MLX_TRACE backend=rtl event=issue cycle=53 pe=9 pc=2 op=3 tag=9
MLX_TRACE backend=rtl event=complete cycle=54 pe=8 pc=1 op=3
MLX_TRACE backend=rtl event=issue cycle=55 pe=8 pc=2 op=9 tag=8
MLX_TRACE backend=rtl event=complete cycle=56 pe=9 pc=2 op=3
MLX_TRACE backend=rtl event=issue cycle=57 pe=9 pc=3 op=1 tag=9
MLX_TRACE backend=rtl event=complete cycle=58 pe=9 pc=3 op=1
MLX_TRACE backend=rtl event=complete cycle=58 pe=8 pc=2 op=9
MLX_TRACE backend=rtl event=issue cycle=59 pe=8 pc=3 op=1 tag=8
MLX_TRACE backend=rtl event=complete cycle=60 pe=8 pc=3 op=1
MLX_BACKEND_DONE backend=rtl cycle=60 instructions=44 stalls=202 hops=14 conflicts=1
MLX_SYSTEM_DONE backend=1 system_cycles=390 dma_cycles=327 backend_cycles=61 bytes=576
