make: Entering directory '/tmp/hptpe-opt4c-sqm4fzqw/obj'
g++ -Os  -I.  -MMD -I/workspace/AgentSys/.references/verilator5/include -I/workspace/AgentSys/.references/verilator5/include/vltstd -DVERILATOR=1 -DVM_COVERAGE=0 -DVM_SC=0 -DVM_TIMING=1 -DVM_TRACE=0 -DVM_TRACE_FST=0 -DVM_TRACE_VCD=0 -DVM_TRACE_SAIF=0 -DVM_VPI=0 -faligned-new -fcf-protection=none -Wno-bool-operation -Wno-int-in-bool-context -Wno-shadow -Wno-sign-compare -Wno-subobject-linkage -Wno-tautological-compare -Wno-uninitialized -Wno-unused-but-set-parameter -Wno-unused-but-set-variable -Wno-unused-parameter -Wno-unused-variable    -DVL_TIME_CONTEXT   -fcoroutines -c -o verilated.o /workspace/AgentSys/.references/verilator5/include/verilated.cpp
g++ -Os  -I.  -MMD -I/workspace/AgentSys/.references/verilator5/include -I/workspace/AgentSys/.references/verilator5/include/vltstd -DVERILATOR=1 -DVM_COVERAGE=0 -DVM_SC=0 -DVM_TIMING=1 -DVM_TRACE=0 -DVM_TRACE_FST=0 -DVM_TRACE_VCD=0 -DVM_TRACE_SAIF=0 -DVM_VPI=0 -faligned-new -fcf-protection=none -Wno-bool-operation -Wno-int-in-bool-context -Wno-shadow -Wno-sign-compare -Wno-subobject-linkage -Wno-tautological-compare -Wno-uninitialized -Wno-unused-but-set-parameter -Wno-unused-but-set-variable -Wno-unused-parameter -Wno-unused-variable    -DVL_TIME_CONTEXT   -fcoroutines -c -o verilated_timing.o /workspace/AgentSys/.references/verilator5/include/verilated_timing.cpp
g++ -Os  -I.  -MMD -I/workspace/AgentSys/.references/verilator5/include -I/workspace/AgentSys/.references/verilator5/include/vltstd -DVERILATOR=1 -DVM_COVERAGE=0 -DVM_SC=0 -DVM_TIMING=1 -DVM_TRACE=0 -DVM_TRACE_FST=0 -DVM_TRACE_VCD=0 -DVM_TRACE_SAIF=0 -DVM_VPI=0 -faligned-new -fcf-protection=none -Wno-bool-operation -Wno-int-in-bool-context -Wno-shadow -Wno-sign-compare -Wno-subobject-linkage -Wno-tautological-compare -Wno-uninitialized -Wno-unused-but-set-parameter -Wno-unused-but-set-variable -Wno-unused-parameter -Wno-unused-variable    -DVL_TIME_CONTEXT   -fcoroutines -c -o verilated_threads.o /workspace/AgentSys/.references/verilator5/include/verilated_threads.cpp
g++ -Os  -I.  -MMD -I/workspace/AgentSys/.references/verilator5/include -I/workspace/AgentSys/.references/verilator5/include/vltstd -DVERILATOR=1 -DVM_COVERAGE=0 -DVM_SC=0 -DVM_TIMING=1 -DVM_TRACE=0 -DVM_TRACE_FST=0 -DVM_TRACE_VCD=0 -DVM_TRACE_SAIF=0 -DVM_VPI=0 -faligned-new -fcf-protection=none -Wno-bool-operation -Wno-int-in-bool-context -Wno-shadow -Wno-sign-compare -Wno-subobject-linkage -Wno-tautological-compare -Wno-uninitialized -Wno-unused-but-set-parameter -Wno-unused-but-set-variable -Wno-unused-parameter -Wno-unused-variable    -DVL_TIME_CONTEXT   -fcoroutines -x c++-header Vtest_opt4c_column_array__pch.h -o Vtest_opt4c_column_array__pch.h.fast.gch
g++   -I.  -MMD -I/workspace/AgentSys/.references/verilator5/include -I/workspace/AgentSys/.references/verilator5/include/vltstd -DVERILATOR=1 -DVM_COVERAGE=0 -DVM_SC=0 -DVM_TIMING=1 -DVM_TRACE=0 -DVM_TRACE_FST=0 -DVM_TRACE_VCD=0 -DVM_TRACE_SAIF=0 -DVM_VPI=0 -faligned-new -fcf-protection=none -Wno-bool-operation -Wno-int-in-bool-context -Wno-shadow -Wno-sign-compare -Wno-subobject-linkage -Wno-tautological-compare -Wno-uninitialized -Wno-unused-but-set-parameter -Wno-unused-but-set-variable -Wno-unused-parameter -Wno-unused-variable    -DVL_TIME_CONTEXT   -fcoroutines -x c++-header Vtest_opt4c_column_array__pch.h -o Vtest_opt4c_column_array__pch.h.slow.gch
g++ -Os  -I.  -MMD -I/workspace/AgentSys/.references/verilator5/include -I/workspace/AgentSys/.references/verilator5/include/vltstd -DVERILATOR=1 -DVM_COVERAGE=0 -DVM_SC=0 -DVM_TIMING=1 -DVM_TRACE=0 -DVM_TRACE_FST=0 -DVM_TRACE_VCD=0 -DVM_TRACE_SAIF=0 -DVM_VPI=0 -faligned-new -fcf-protection=none -Wno-bool-operation -Wno-int-in-bool-context -Wno-shadow -Wno-sign-compare -Wno-subobject-linkage -Wno-tautological-compare -Wno-uninitialized -Wno-unused-but-set-parameter -Wno-unused-but-set-variable -Wno-unused-parameter -Wno-unused-variable    -DVL_TIME_CONTEXT   -fcoroutines -include Vtest_opt4c_column_array__pch.h.fast -c Vtest_opt4c_column_array.cpp
g++ -Os  -I.  -MMD -I/workspace/AgentSys/.references/verilator5/include -I/workspace/AgentSys/.references/verilator5/include/vltstd -DVERILATOR=1 -DVM_COVERAGE=0 -DVM_SC=0 -DVM_TIMING=1 -DVM_TRACE=0 -DVM_TRACE_FST=0 -DVM_TRACE_VCD=0 -DVM_TRACE_SAIF=0 -DVM_VPI=0 -faligned-new -fcf-protection=none -Wno-bool-operation -Wno-int-in-bool-context -Wno-shadow -Wno-sign-compare -Wno-subobject-linkage -Wno-tautological-compare -Wno-uninitialized -Wno-unused-but-set-parameter -Wno-unused-but-set-variable -Wno-unused-parameter -Wno-unused-variable    -DVL_TIME_CONTEXT   -fcoroutines -include Vtest_opt4c_column_array__pch.h.fast -c Vtest_opt4c_column_array___024root__0.cpp
g++ -Os  -I.  -MMD -I/workspace/AgentSys/.references/verilator5/include -I/workspace/AgentSys/.references/verilator5/include/vltstd -DVERILATOR=1 -DVM_COVERAGE=0 -DVM_SC=0 -DVM_TIMING=1 -DVM_TRACE=0 -DVM_TRACE_FST=0 -DVM_TRACE_VCD=0 -DVM_TRACE_SAIF=0 -DVM_VPI=0 -faligned-new -fcf-protection=none -Wno-bool-operation -Wno-int-in-bool-context -Wno-shadow -Wno-sign-compare -Wno-subobject-linkage -Wno-tautological-compare -Wno-uninitialized -Wno-unused-but-set-parameter -Wno-unused-but-set-variable -Wno-unused-parameter -Wno-unused-variable    -DVL_TIME_CONTEXT   -fcoroutines -include Vtest_opt4c_column_array__pch.h.fast -c Vtest_opt4c_column_array___024root__1.cpp
g++ -Os  -I.  -MMD -I/workspace/AgentSys/.references/verilator5/include -I/workspace/AgentSys/.references/verilator5/include/vltstd -DVERILATOR=1 -DVM_COVERAGE=0 -DVM_SC=0 -DVM_TIMING=1 -DVM_TRACE=0 -DVM_TRACE_FST=0 -DVM_TRACE_VCD=0 -DVM_TRACE_SAIF=0 -DVM_VPI=0 -faligned-new -fcf-protection=none -Wno-bool-operation -Wno-int-in-bool-context -Wno-shadow -Wno-sign-compare -Wno-subobject-linkage -Wno-tautological-compare -Wno-uninitialized -Wno-unused-but-set-parameter -Wno-unused-but-set-variable -Wno-unused-parameter -Wno-unused-variable    -DVL_TIME_CONTEXT   -fcoroutines -include Vtest_opt4c_column_array__pch.h.fast -c Vtest_opt4c_column_array__main.cpp
g++   -I.  -MMD -I/workspace/AgentSys/.references/verilator5/include -I/workspace/AgentSys/.references/verilator5/include/vltstd -DVERILATOR=1 -DVM_COVERAGE=0 -DVM_SC=0 -DVM_TIMING=1 -DVM_TRACE=0 -DVM_TRACE_FST=0 -DVM_TRACE_VCD=0 -DVM_TRACE_SAIF=0 -DVM_VPI=0 -faligned-new -fcf-protection=none -Wno-bool-operation -Wno-int-in-bool-context -Wno-shadow -Wno-sign-compare -Wno-subobject-linkage -Wno-tautological-compare -Wno-uninitialized -Wno-unused-but-set-parameter -Wno-unused-but-set-variable -Wno-unused-parameter -Wno-unused-variable    -DVL_TIME_CONTEXT   -fcoroutines -include Vtest_opt4c_column_array__pch.h.slow -c Vtest_opt4c_column_array___024root__Slow.cpp
g++   -I.  -MMD -I/workspace/AgentSys/.references/verilator5/include -I/workspace/AgentSys/.references/verilator5/include/vltstd -DVERILATOR=1 -DVM_COVERAGE=0 -DVM_SC=0 -DVM_TIMING=1 -DVM_TRACE=0 -DVM_TRACE_FST=0 -DVM_TRACE_VCD=0 -DVM_TRACE_SAIF=0 -DVM_VPI=0 -faligned-new -fcf-protection=none -Wno-bool-operation -Wno-int-in-bool-context -Wno-shadow -Wno-sign-compare -Wno-subobject-linkage -Wno-tautological-compare -Wno-uninitialized -Wno-unused-but-set-parameter -Wno-unused-but-set-variable -Wno-unused-parameter -Wno-unused-variable    -DVL_TIME_CONTEXT   -fcoroutines -include Vtest_opt4c_column_array__pch.h.slow -c Vtest_opt4c_column_array___024root__0__Slow.cpp
g++   -I.  -MMD -I/workspace/AgentSys/.references/verilator5/include -I/workspace/AgentSys/.references/verilator5/include/vltstd -DVERILATOR=1 -DVM_COVERAGE=0 -DVM_SC=0 -DVM_TIMING=1 -DVM_TRACE=0 -DVM_TRACE_FST=0 -DVM_TRACE_VCD=0 -DVM_TRACE_SAIF=0 -DVM_VPI=0 -faligned-new -fcf-protection=none -Wno-bool-operation -Wno-int-in-bool-context -Wno-shadow -Wno-sign-compare -Wno-subobject-linkage -Wno-tautological-compare -Wno-uninitialized -Wno-unused-but-set-parameter -Wno-unused-but-set-variable -Wno-unused-parameter -Wno-unused-variable    -DVL_TIME_CONTEXT   -fcoroutines -include Vtest_opt4c_column_array__pch.h.slow -c Vtest_opt4c_column_array__Syms__Slow.cpp
g++    verilated.o verilated_timing.o verilated_threads.o Vtest_opt4c_column_array__ALL.a    -pthread -lpthread -latomic   -o Vtest_opt4c_column_array
rm Vtest_opt4c_column_array__ALL.verilator_deplist.tmp
make: Leaving directory '/tmp/hptpe-opt4c-sqm4fzqw/obj'
- V e r i l a t i o n   R e p o r t: Verilator 5.050 2026-07-01 rev v5.050
- Verilator: Built from 0.222 MB sources in 9 modules, into 0.878 MB in 7 C++ files needing 0.001 MB
- Verilator: Walltime 5.313 s (elab=0.008, cvt=0.131, bld=5.143); cpu 0.194 s on 4 threads; allocated 607.234 MB
%Warning-IMPLICIT: /workspace/AgentSys/.references/HPTPE/OPT3_OPT4C/pe/sparse_encoder.v:28:8: Signal definition not found, creating implicitly: 'a_b_c_d'
   28 | assign a_b_c_d = (a) & (b) & (c) & (d);
      |        ^~~~~~~
                   ... For warning description see https://verilator.org/warn/IMPLICIT?v=5.050
                   ... Use "/* verilator lint_off IMPLICIT */" and lint_on around source to disable this message.
%Warning-WIDTHEXPAND: /workspace/AgentSys/.references/HPTPE/OPT3_OPT4C/pe/pe.v:30:10: Operator ASSIGNW expects 9 bits on the Assign RHS, but Assign RHS's SIGNED generates 8 bits.
                                                                                    : ... note: In instance 'test_opt4c_column_array.opt4c_column_array.genblk1[3].sparse_pe'
   30 | assign b = $signed(operand_b);
      |          ^
                      ... For warning description see https://verilator.org/warn/WIDTHEXPAND?v=5.050
                      ... Use "/* verilator lint_off WIDTHEXPAND */" and lint_on around source to disable this message.
%Warning-WIDTHEXPAND: /workspace/AgentSys/.references/HPTPE/OPT3_OPT4C/pe/pe.v:34:21: Operator ASSIGNW expects 26 bits on the Assign RHS, but Assign RHS's VARREF 'mux_select_b' generates 10 bits.
                                                                                    : ... note: In instance 'test_opt4c_column_array.opt4c_column_array.genblk1[3].sparse_pe'
   34 | assign mux_extend_b = mux_select_b;
      |                     ^
%Warning-WIDTHEXPAND: /workspace/AgentSys/.references/HPTPE/OPT3_OPT4C/pe/pe.v:42:28: Operator ASSIGN expects 10 bits on the Assign RHS, but Assign RHS's SIGNED generates 9 bits.
                                                                                    : ... note: In instance 'test_opt4c_column_array.opt4c_column_array.genblk1[3].sparse_pe'
   42 |         2'd1: mux_select_b = $signed(b);
      |                            ^
%Warning-WIDTHEXPAND: /workspace/AgentSys/.references/HPTPE/OPT3_OPT4C/pe/pe.v:43:28: Operator ASSIGN expects 10 bits on the Assign RHS, but Assign RHS's SIGNED generates 9 bits.
                                                                                    : ... note: In instance 'test_opt4c_column_array.opt4c_column_array.genblk1[3].sparse_pe'
   43 |         2'd2: mux_select_b = $signed(b_2);
      |                            ^
%Warning-WIDTHEXPAND: /workspace/AgentSys/.references/HPTPE/OPT3_OPT4C/pe/pe.v:44:28: Operator ASSIGN expects 10 bits on the Assign RHS, but Assign RHS's SIGNED generates 9 bits.
                                                                                    : ... note: In instance 'test_opt4c_column_array.opt4c_column_array.genblk1[3].sparse_pe'
   44 |         2'd3: mux_select_b = $signed(neg_b);
      |                            ^
%Warning-WIDTHTRUNC: /tmp/hptpe-opt4c-sqm4fzqw/testbench.sv:89:26: Operator ASSIGN expects 8 bits on the Assign RHS, but Assign RHS's FUNCREF 'normal_random' generates 32 bits.
                                                                 : ... note: In instance 'test_opt4c_column_array'
   89 |           matrix_a[i][j] = normal_random(0, 30, -128, 127);  
      |                          ^
                     ... For warning description see https://verilator.org/warn/WIDTHTRUNC?v=5.050
                     ... Use "/* verilator lint_off WIDTHTRUNC */" and lint_on around source to disable this message.
%Warning-WIDTHTRUNC: /tmp/hptpe-opt4c-sqm4fzqw/testbench.sv:101:26: Operator ASSIGN expects 8 bits on the Assign RHS, but Assign RHS's FUNCREF 'normal_random' generates 32 bits.
                                                                  : ... note: In instance 'test_opt4c_column_array'
  101 |           matrix_b[i][j] = normal_random(0, 30, -128, 127);  
      |                          ^
%Warning-WIDTHTRUNC: /tmp/hptpe-opt4c-sqm4fzqw/testbench.sv:189:21: Operator ASSIGN expects 2 bits on the Assign RHS, but Assign RHS's VARREF 'm' generates 32 bits.
                                                                  : ... note: In instance 'test_opt4c_column_array'
  189 |           row_count = m;
      |                     ^
%Warning-WIDTHTRUNC: /tmp/hptpe-opt4c-sqm4fzqw/testbench.sv:192:22: Operator ASSIGN expects 3 bits on the Assign RHS, but Assign RHS's VARREF 'bw' generates 32 bits.
                                                                  : ... note: In instance 'test_opt4c_column_array'
  192 |             bw_count = bw;
      |                      ^
%Warning-WIDTHEXPAND: /tmp/hptpe-opt4c-sqm4fzqw/testbench.sv:201:41: Operator ADD expects 32 bits on the RHS, but RHS's VARREF 'position' generates 2 bits.
                                                                   : ... note: In instance 'test_opt4c_column_array'
  201 |                   matrix_b_address = 4*k+position;
      |                                         ^
%Warning-WIDTHTRUNC: /tmp/hptpe-opt4c-sqm4fzqw/testbench.sv:201:36: Operator ASSIGN expects 5 bits on the Assign RHS, but Assign RHS's ADD generates 32 bits.
                                                                  : ... note: In instance 'test_opt4c_column_array'
  201 |                   matrix_b_address = 4*k+position;
      |                                    ^
%Warning-WIDTHEXPAND: /tmp/hptpe-opt4c-sqm4fzqw/testbench.sv:208:41: Operator SUB expects 32 bits on the LHS, but LHS's VARREF 'cal_cycle' generates 3 bits.
                                                                   : ... note: In instance 'test_opt4c_column_array'
  208 |                   cal_count = cal_cycle - cycle;
      |                                         ^
%Warning-WIDTHTRUNC: /tmp/hptpe-opt4c-sqm4fzqw/testbench.sv:208:29: Operator ASSIGN expects 3 bits on the Assign RHS, but Assign RHS's SUB generates 32 bits.
                                                                  : ... note: In instance 'test_opt4c_column_array'
  208 |                   cal_count = cal_cycle - cycle;
      |                             ^
%Warning-WIDTHEXPAND: /tmp/hptpe-opt4c-sqm4fzqw/testbench.sv:271:29: Operator ASSIGN expects 32 bits on the Assign RHS, but Assign RHS's SIGNED generates 26 bits.
                                                                   : ... note: In instance 'test_opt4c_column_array'
  271 |             shift_result[i] = $signed(fuse_result[i] << {bw_count_control,1'b0});
      |                             ^
%Warning-WIDTHEXPAND: /tmp/hptpe-opt4c-sqm4fzqw/testbench.sv:307:16: Operator ADD expects 32 bits on the RHS, but RHS's VARREF 'cal_cycle' generates 3 bits.
                                                                   : ... note: In instance 'test_opt4c_column_array'
  307 |     sum <= sum + cal_cycle; 
      |                ^
%Warning-LATCH: /tmp/hptpe-opt4c-sqm4fzqw/testbench.sv:267:7: Latch inferred for signal 'test_opt4c_column_array.fuse_result' (not all control paths of combinational always assign a value)
                                                            : ... Suggest use of always_latch for intentional latches
  267 |       always @(*) begin
      |       ^~~~~~
                ... For warning description see https://verilator.org/warn/LATCH?v=5.050
                ... Use "/* verilator lint_off LATCH */" and lint_on around source to disable this message.
%Warning-LATCH: /tmp/hptpe-opt4c-sqm4fzqw/testbench.sv:267:7: Latch inferred for signal 'test_opt4c_column_array.shift_result' (not all control paths of combinational always assign a value)
                                                            : ... Suggest use of always_latch for intentional latches
  267 |       always @(*) begin
      |       ^~~~~~
