This emulator compiled with JTAG Remote Bitbang client. To enable, use +jtag_rbb_enable=1.
Listening on port 42623
[UART] UART0 is here (stdin/stdout).
MLX_TRACE backend=cycle event=issue cycle=0 pe=0 pc=0 op=0 tag=0
MLX_TRACE backend=cycle event=issue cycle=2 pe=0 pc=1 op=0 tag=0
MLX_TRACE backend=cycle event=issue cycle=4 pe=0 pc=2 op=0 tag=0
MLX_TRACE backend=cycle event=issue cycle=6 pe=0 pc=3 op=9 tag=0
MLX_TRACE backend=cycle event=complete cycle=9 pe=0 op=compute
MLX_TRACE backend=cycle event=issue cycle=10 pe=0 pc=4 op=2 tag=0
MLX_TRACE backend=cycle event=complete cycle=14 pe=0 op=compute
MLX_TRACE backend=cycle event=issue cycle=15 pe=0 pc=5 op=8 tag=0
MLX_TRACE backend=cycle event=complete cycle=16 pe=0 op=xfer dst_pe=4
MLX_TRACE backend=cycle event=issue cycle=17 pe=1 pc=0 op=0 tag=1
MLX_TRACE backend=cycle event=issue cycle=19 pe=1 pc=1 op=0 tag=1
MLX_TRACE backend=cycle event=issue cycle=21 pe=1 pc=2 op=0 tag=1
MLX_TRACE backend=cycle event=issue cycle=23 pe=1 pc=3 op=0 tag=1
MLX_TRACE backend=cycle event=issue cycle=25 pe=1 pc=4 op=9 tag=1
MLX_TRACE backend=cycle event=complete cycle=28 pe=1 op=compute
MLX_TRACE backend=cycle event=issue cycle=29 pe=1 pc=5 op=2 tag=1
MLX_TRACE backend=cycle event=complete cycle=33 pe=1 op=compute
MLX_TRACE backend=cycle event=issue cycle=34 pe=1 pc=6 op=8 tag=1
MLX_TRACE backend=cycle event=complete cycle=36 pe=1 op=xfer dst_pe=4
MLX_TRACE backend=cycle event=issue cycle=37 pe=2 pc=0 op=0 tag=2
MLX_TRACE backend=cycle event=issue cycle=39 pe=2 pc=1 op=0 tag=2
MLX_TRACE backend=cycle event=issue cycle=41 pe=2 pc=2 op=0 tag=2
MLX_TRACE backend=cycle event=issue cycle=43 pe=2 pc=3 op=9 tag=2
MLX_TRACE backend=cycle event=complete cycle=46 pe=2 op=compute
MLX_TRACE backend=cycle event=issue cycle=47 pe=2 pc=4 op=2 tag=2
MLX_TRACE backend=cycle event=complete cycle=51 pe=2 op=compute
MLX_TRACE backend=cycle event=issue cycle=52 pe=2 pc=5 op=8 tag=2
MLX_TRACE backend=cycle event=complete cycle=54 pe=2 op=xfer dst_pe=5
MLX_TRACE backend=cycle event=issue cycle=55 pe=3 pc=0 op=0 tag=3
MLX_TRACE backend=cycle event=issue cycle=57 pe=3 pc=1 op=0 tag=3
MLX_TRACE backend=cycle event=issue cycle=59 pe=3 pc=2 op=0 tag=3
MLX_TRACE backend=cycle event=issue cycle=61 pe=3 pc=3 op=0 tag=3
MLX_TRACE backend=cycle event=issue cycle=63 pe=3 pc=4 op=9 tag=3
MLX_TRACE backend=cycle event=complete cycle=66 pe=3 op=compute
MLX_TRACE backend=cycle event=issue cycle=67 pe=3 pc=5 op=2 tag=3
MLX_TRACE backend=cycle event=complete cycle=71 pe=3 op=compute
MLX_TRACE backend=cycle event=issue cycle=72 pe=3 pc=6 op=8 tag=3
MLX_TRACE backend=cycle event=complete cycle=74 pe=3 op=xfer dst_pe=5
MLX_TRACE backend=cycle event=issue cycle=75 pe=4 pc=0 op=0 tag=4
MLX_TRACE backend=cycle event=issue cycle=77 pe=4 pc=1 op=3 tag=4
MLX_TRACE backend=cycle event=complete cycle=80 pe=4 op=compute
MLX_TRACE backend=cycle event=issue cycle=81 pe=4 pc=2 op=9 tag=4
MLX_TRACE backend=cycle event=complete cycle=84 pe=4 op=compute
MLX_TRACE backend=cycle event=issue cycle=85 pe=4 pc=3 op=8 tag=4
MLX_TRACE backend=cycle event=complete cycle=86 pe=4 op=xfer dst_pe=8
MLX_TRACE backend=cycle event=issue cycle=87 pe=4 pc=4 op=8 tag=4
MLX_TRACE backend=cycle event=complete cycle=89 pe=4 op=xfer dst_pe=9
MLX_TRACE backend=cycle event=issue cycle=90 pe=5 pc=0 op=0 tag=5
MLX_TRACE backend=cycle event=issue cycle=92 pe=5 pc=1 op=3 tag=5
MLX_TRACE backend=cycle event=complete cycle=95 pe=5 op=compute
MLX_TRACE backend=cycle event=issue cycle=96 pe=5 pc=2 op=9 tag=5
MLX_TRACE backend=cycle event=complete cycle=99 pe=5 op=compute
MLX_TRACE backend=cycle event=issue cycle=100 pe=5 pc=3 op=8 tag=5
MLX_TRACE backend=cycle event=complete cycle=102 pe=5 op=xfer dst_pe=8
MLX_TRACE backend=cycle event=issue cycle=103 pe=5 pc=4 op=8 tag=5
MLX_TRACE backend=cycle event=complete cycle=104 pe=5 op=xfer dst_pe=9
MLX_TRACE backend=cycle event=issue cycle=105 pe=8 pc=0 op=0 tag=8
MLX_TRACE backend=cycle event=issue cycle=107 pe=8 pc=1 op=3 tag=8
MLX_TRACE backend=cycle event=complete cycle=110 pe=8 op=compute
MLX_TRACE backend=cycle event=issue cycle=111 pe=8 pc=2 op=9 tag=8
MLX_TRACE backend=cycle event=complete cycle=114 pe=8 op=compute
MLX_TRACE backend=cycle eAGENTSYS_MLX_SMOKE_PASS workload=bsmm backend=cycle wait=5 host_config=960 host_launch_wait=496 system=458 dma=328 kernel=128 instructions=44 load=18 store=2 compute=16 xfer=8 sync_stall=0 hops=13 conflicts=171 dma_bytes=576 abi=4d4c5801 mismatches=0
vent=issue cycle=115 pe=8 pc=3 op=1 tag=8
MLX_TRACE backend=cycle event=issue cycle=116 pe=9 pc=0 op=0 tag=9
MLX_TRACE backend=cycle event=issue cycle=118 pe=9 pc=1 op=9 tag=9
MLX_TRACE backend=cycle event=complete cycle=121 pe=9 op=compute
MLX_TRACE backend=cycle event=issue cycle=122 pe=9 pc=2 op=3 tag=9
MLX_TRACE backend=cycle event=complete cycle=125 pe=9 op=compute
MLX_TRACE backend=cycle event=issue cycle=126 pe=9 pc=3 op=1 tag=9
MLX_BACKEND_DONE backend=cycle cycle=127 instructions=44 stalls=0 hops=13 conflicts=171
MLX_SYSTEM_DONE backend=0 system_cycles=457 dma_cycles=327 backend_cycles=128 bytes=576
