AGENTSYS_TISA_ISSUE call=0 cycle=0 index=0 engine=ve source=6 flow=0 stage=0 placement=1 preemptible=1 priority=0 duration=80
AGENTSYS_TISA_ISSUE call=0 cycle=81 index=1 engine=ve source=7 flow=0 stage=0 placement=1 preemptible=1 priority=0 duration=80
AGENTSYS_TISA_COMPLETE call=0 cycle=81 index=0 engine=ve source=6 checksum=c213bd8b717393da
AGENTSYS_TISA_ISSUE call=0 cycle=82 index=3 engine=me source=10 flow=0 stage=0 placement=0 preemptible=1 priority=0 duration=80
AGENTSYS_TISA_COMPLETE call=0 cycle=162 index=1 engine=ve source=7 checksum=c313bdcf7173d08a
AGENTSYS_TISA_ISSUE call=0 cycle=163 index=4 engine=me source=11 flow=0 stage=0 placement=0 preemptible=1 priority=0 duration=80
AGENTSYS_TISA_ISSUE call=0 cycle=163 index=2 engine=ve source=8 flow=0 stage=0 placement=1 preemptible=1 priority=0 duration=80
AGENTSYS_TISA_COMPLETE call=0 cycle=163 index=3 engine=me source=10 checksum=056d591888fcee8f
AGENTSYS_TISA_ISSUE call=0 cycle=244 index=5 engine=me source=12 flow=0 stage=0 placement=0 preemptible=1 priority=0 duration=80
AGENTSYS_TISA_COMPLETE call=0 cycle=244 index=4 engine=me source=11 checksum=15f1b4ab45014ec4
AGENTSYS_TISA_COMPLETE call=0 cycle=244 index=2 engine=ve source=8 checksum=c013be0b71701098
AGENTSYS_TISA_COMPLETE call=0 cycle=325 index=5 engine=me source=12 checksum=6707e555c53c8b0a
AGENTSYS_TISA_ISSUE call=0 cycle=326 index=6 engine=de source=13 flow=0 stage=1 placement=2 preemptible=1 priority=0 duration=80
AGENTSYS_TISA_COMPLETE call=0 cycle=407 index=6 engine=de source=13 checksum=5f01093ba8ce052f
AGENTSYS_TISA_ISSUE call=0 cycle=408 index=7 engine=de source=14 flow=0 stage=1 placement=2 preemptible=1 priority=0 duration=80
AGENTSYS_TISA_COMPLETE call=0 cycle=489 index=7 engine=de source=14 checksum=5e0109f7a8cec497
AGENTSYS_TISA_ISSUE call=1 cycle=0 index=0 engine=ve source=6 flow=1 stage=0 placement=1 preemptible=1 priority=2 duration=80
AGENTSYS_TISA_ISSUE call=1 cycle=81 index=1 engine=ve source=7 flow=1 stage=0 placement=1 preemptible=1 priority=2 duration=80
AGENTSYS_TISA_COMPLETE call=1 cycle=81 index=0 engine=ve source=6 checksum=c2139d8b71739bda
AGENTSYS_TISA_ISSUE call=1 cycle=82 index=3 engine=me source=10 flow=1 stage=0 placement=0 preemptible=1 priority=2 duration=80
AGENTSYS_TISA_COMPLETE call=1 cycle=162 index=1 engine=ve source=7 checksum=c3139dcf7173d88a
AGENTSYS_TISA_ISSUE call=1 cycle=163 index=4 engine=me source=11 flow=1 stage=0 placement=0 preemptible=1 priority=2 duration=80
AGENTSYS_TISA_ISSUE call=1 cycle=163 index=2 engine=ve source=8 flow=1 stage=0 placement=1 preemptible=1 priority=2 duration=80
AGENTSYS_TISA_COMPLETE call=1 cycle=163 index=3 engine=me source=10 checksum=2cf3538fd9270f0e
AGENTSYS_TISA_ISSUE call=1 cycle=244 index=5 engine=me source=12 flow=1 stage=0 placement=0 preemptible=1 priority=2 duration=80
AGENTSYS_TISA_COMPLETE call=1 cycle=244 index=4 engine=me source=11 checksum=cd8ab4a133c0ba39
AGENTSYS_TISA_COMPLETE call=1 cycle=244 index=2 engine=ve source=8 checksum=c0139e0b71701898
AGENTSYS_TISA_COMPLETE call=1 cycle=325 index=5 engine=me source=12 checksum=3ed2bcbef5e197b0
AGENTSYS_TISA_ISSUE call=1 cycle=326 index=6 engine=de source=13 flow=1 stage=1 placement=2 preemptible=1 priority=2 duration=80
AGENTSYS_TISA_COMPLETE call=1 cycle=407 index=6 engine=de source=13 checksum=5f01293ba8ce0d2f
AGENTSYS_TISA_ISSUE call=1 cycle=408 index=7 engine=de source=14 flow=1 stage=1 placement=2 preemptible=1 priority=2 duration=80
AGENTSYS_TISA_COMPLETE call=1 cycle=489 index=7 engine=de source=14 checksum=5e0129f7a8cecc97
AGENTSYS_TISA_ISSUE call=2 cycle=0 index=0 engine=ve source=6 flow=1 stage=0 placement=1 preemptible=1 priority=2 duration=80
AGENTSYS_TISA_ISSUE call=2 cycle=81 index=1 engine=ve source=7 flow=1 stage=0 placement=1 preemptible=1 priority=2 duration=80
AGENTSYS_TISA_COMPLETE call=2 cycle=81 index=0 engine=ve source=6 checksum=c2139d8b71739bda
AGENTSYS_TISA_ISSUE call=2 cycle=82 index=3 engine=me source=10 flow=1 stage=0 placement=0 preemptible=1 priority=2 duration=80
AGENTSYS_TISA_COMPLETE call=2 cycle=162 index=1 engine=ve source=7 checksum=c3139dcf7173d88a
AGENTSYS_TISA_ISSUE call=2 cycle=163 index=4 engine=me source=11 flow=1 stage=0 placement=0 preemptible=1 priority=2 duration=80
AGENTSYS_TISA_ISSUE call=2 cycle=163 index=2 engine=ve source=8 flow=1 stage=0 placement=1 preemptible=1 priority=2 duration=80
AGENTSYS_TISA_COMPLETE call=2 cycle=163 index=3 engine=me source=10 checksum=2cf3538fd9270f0e
AGENTSYS_TISA_ISSUE call=2 cycle=244 index=5 engine=me source=12 flow=1 stage=0 placement=0 preemptible=1 priority=2 duration=80
AGENTSYS_TISA_COMPLETE call=2 cycle=244 index=4 engine=me source=11 checksum=cd8ab4a133c0ba39
AGENTSYS_TISA_COMPLETE call=2 cycle=244 index=2 engine=ve source=8 checksum=c0139e0b71701898
AGENTSYS_TISA_COMPLETE call=2 cycle=325 index=5 engine=me source=12 checksum=3ed2bcbef5e197b0
AGENTSYS_TISA_ISSUE call=2 cycle=326 index=6 engine=de source=13 flow=1 stage=1 placement=2 preemptible=1 priority=2 duration=80
AGENTSYS_TISA_COMPLETE call=2 cycle=407 index=6 engine=de source=13 checksum=5f01293ba8ce0d2f
AGENTSYS_TISA_ISSUE call=2 cycle=408 index=7 engine=de source=14 flow=1 stage=1 placement=2 preemptible=1 priority=2 duration=80
AGENTSYS_TISA_COMPLETE call=2 cycle=489 index=7 engine=de source=14 checksum=5e0129f7a8cecc97
AGENTSYS_TISA_ISSUE call=4 cycle=0 index=0 engine=ve source=6 flow=0 stage=0 placement=1 preemptible=1 priority=0 duration=80
AGENTSYS_TISA_ISSUE call=4 cycle=81 index=1 engine=ve source=7 flow=0 stage=0 placement=1 preemptible=1 priority=0 duration=80
AGENTSYS_TISA_COMPLETE call=4 cycle=81 index=0 engine=ve source=6 checksum=c213bd8b717393da
AGENTSYS_TISA_ISSUE call=4 cycle=82 index=3 engine=me source=10 flow=0 stage=0 placement=0 preemptible=1 priority=0 duration=80
AGENTSYS_TISA_COMPLETE call=4 cycle=162 index=1 engine=ve source=7 checksum=c313bdcf7173d08a
AGENTSYS_TISA_ISSUE call=4 cycle=163 index=4 engine=me source=11 flow=0 stage=0 placement=0 preemptible=1 priority=0 duration=80
AGENTSYS_TISA_ISSUE call=4 cycle=163 index=2 engine=ve source=8 flow=0 stage=0 placement=1 preemptible=1 priority=0 duration=80
AGENTSYS_TISA_COMPLETE call=4 cycle=163 index=3 engine=me source=10 checksum=056d591888fcee8f
AGENTSYS_TISA_ISSUE call=4 cycle=244 index=5 engine=me source=12 flow=0 stage=0 placement=0 preemptible=1 priority=0 duration=80
AGENTSYS_TISA_COMPLETE call=4 cycle=244 index=4 engine=me source=11 checksum=15f1b4ab45014ec4
AGENTSYS_TISA_COMPLETE call=4 cycle=244 index=2 engine=ve source=8 checksum=c013be0b71701098
AGENTSYS_TISA_COMPLETE call=4 cycle=325 index=5 engine=me source=12 checksum=6707e555c53c8b0a
AGENTSYS_TISA_ISSUE call=4 cycle=326 index=6 engine=de source=13 flow=0 stage=1 placement=2 preemptible=1 priority=0 duration=80
AGENTSYS_TISA_COMPLETE call=4 cycle=407 index=6 engine=de source=13 checksum=5f01093ba8ce052f
AGENTSYS_TISA_ISSUE call=4 cycle=408 index=7 engine=de source=14 flow=0 stage=1 placement=2 preemptible=1 priority=0 duration=80
AGENTSYS_TISA_COMPLETE call=4 cycle=489 index=7 engine=de source=14 checksum=5e0109f7a8cec497
AGENTSYS_TISA_ISSUE call=5 cycle=0 index=0 engine=ve source=6 flow=1 stage=0 placement=1 preemptible=1 priority=2 duration=80
AGENTSYS_TISA_ISSUE call=5 cycle=81 index=1 engine=ve source=7 flow=1 stage=0 placement=1 preemptible=1 priority=2 duration=80
AGENTSYS_TISA_COMPLETE call=5 cycle=81 index=0 engine=ve source=6 checksum=c2139d8b71739bda
AGENTSYS_TISA_ISSUE call=5 cycle=82 index=3 engine=me source=10 flow=1 stage=0 placement=0 preemptible=1 priority=2 duration=80
AGENTSYS_TISA_COMPLETE call=5 cycle=162 index=1 engine=ve source=7 checksum=c3139dcf7173d88a
AGENTSYS_TISA_ISSUE call=5 cycle=163 index=4 engine=me source=11 flow=1 stage=0 placement=0 preemptible=1 priority=2 duration=80
AGENTSYS_TISA_ISSUE call=5 cycle=163 index=2 engine=ve source=8 flow=1 stage=0 placement=1 preemptible=1 priority=2 duration=80
AGENTSYS_TISA_COMPLETE call=5 cycle=163 index=3 engine=me source=10 checksum=2cf3538fd9270f0e
AGENTSYS_TISA_ISSUE call=5 cycle=244 index=5 engine=me source=12 flow=1 stage=0 placement=0 preemptible=1 priority=2 duration=80
AGENTSYS_TISA_COMPLETE call=5 cycle=244 index=4 engine=me source=11 checksum=cd8ab4a133c0ba39
AGENTSYS_TISA_COMPLETE call=5 cycle=244 index=2 engine=ve source=8 checksum=c0139e0b71701898
AGENTSYS_TISA_COMPLETE call=5 cycle=325 index=5 engine=me source=12 checksum=3ed2bcbef5e197b0
AGENTSYS_TISA_ISSUE call=5 cycle=326 index=6 engine=de source=13 flow=1 stage=1 placement=2 preemptible=1 priority=2 duration=80
AGENTSYS_TISA_COMPLETE call=5 cycle=407 index=6 engine=de source=13 checksum=5f01293ba8ce0d2f
AGENTSYS_TISA_ISSUE call=5 cycle=408 index=7 engine=de source=14 flow=1 stage=1 placement=2 preemptible=1 priority=2 duration=80
AGENTSYS_TISA_COMPLETE call=5 cycle=489 index=7 engine=de source=14 checksum=5e0129f7a8cecc97
