This emulator compiled with JTAG Remote Bitbang client. To enable, use +jtag_rbb_enable=1.
Listening on port 35287
[UART] UART0 is here (stdin/stdout).
MLX_TRACE backend=rtl event=issue cycle=0 pe=0 pc=0 op=0 tag=0
MLX_TRACE backend=rtl event=complete cycle=1 pe=0 pc=0 op=0
MLX_TRACE backend=rtl event=issue cycle=2 pe=0 pc=1 op=0 tag=0
MLX_TRACE backend=rtl event=complete cycle=3 pe=0 pc=1 op=0
MLX_TRACE backend=rtl event=issue cycle=4 pe=0 pc=2 op=3 tag=0
MLX_TRACE backend=rtl event=issue cycle=4 pe=1 pc=0 op=0 tag=1
MLX_TRACE backend=rtl event=complete cycle=5 pe=1 pc=0 op=0
MLX_TRACE backend=rtl event=issue cycle=6 pe=1 pc=1 op=0 tag=1
MLX_TRACE backend=rtl event=complete cycle=7 pe=0 pc=2 op=3
MLX_TRACE backend=rtl event=complete cycle=7 pe=1 pc=1 op=0
MLX_TRACE backend=rtl event=issue cycle=8 pe=0 pc=3 op=8 tag=0
MLX_TRACE backend=rtl event=issue cycle=8 pe=1 pc=2 op=0 tag=1
MLX_TRACE backend=rtl event=complete cycle=9 pe=1 pc=2 op=0
MLX_TRACE backend=rtl event=complete cycle=9 pe=0 pc=3 op=8 dst_pe=4 hops=1
MLX_TRACE backend=rtl event=issue cycle=10 pe=1 pc=3 op=2 tag=1
MLX_TRACE backend=rtl event=issue cycle=10 pe=2 pc=0 op=0 tag=2
MLX_TRACE backend=rtl event=complete cycle=11 pe=2 pc=0 op=0
MLX_TRACE backend=rtl event=issue cycle=12 pe=2 pc=1 op=0 tag=2
MLX_TRACE backend=rtl event=complete cycle=13 pe=2 pc=1 op=0
MLX_TRACE backend=rtl event=complete cycle=14 pe=1 pc=3 op=2
MLX_TRACE backend=rtl event=issue cycle=14 pe=2 pc=2 op=3 tag=2
MLX_TRACE backend=rtl event=issue cycle=14 pe=3 pc=0 op=0 tag=3
MLX_TRACE backend=rtl event=issue cycle=15 pe=1 pc=4 op=8 tag=1
MLX_TRACE backend=rtl event=complete cycle=15 pe=3 pc=0 op=0
MLX_TRACE backend=rtl event=issue cycle=16 pe=3 pc=1 op=0 tag=3
MLX_TRACE backend=rtl event=complete cycle=17 pe=2 pc=2 op=3
MLX_TRACE backend=rtl event=complete cycle=17 pe=3 pc=1 op=0
MLX_TRACE backend=rtl event=complete cycle=17 pe=1 pc=4 op=8 dst_pe=4 hops=1
MLX_TRACE backend=rtl event=issue cycle=18 pe=2 pc=3 op=8 tag=2
MLX_TRACE backend=rtl event=issue cycle=18 pe=4 pc=0 op=7 tag=4
MLX_TRACE backend=rtl event=issue cycle=18 pe=3 pc=2 op=0 tag=3
MLX_TRACE backend=rtl event=complete cycle=19 pe=4 pc=0 op=7
MLX_TRACE backend=rtl event=complete cycle=19 pe=3 pc=2 op=0
MLX_TRACE backend=rtl event=issue cycle=20 pe=3 pc=3 op=2 tag=3
MLX_TRACE backend=rtl event=issue cycle=20 pe=4 pc=1 op=3 tag=4
MLX_TRACE backend=rtl event=issue cycle=20 pe=5 pc=0 op=0 tag=5
MLX_TRACE backend=rtl event=complete cycle=20 pe=2 pc=3 op=8 dst_pe=5 hops=1
MLX_TRACE backend=rtl event=complete cycle=21 pe=5 pc=0 op=0
MLX_TRACE backend=rtl event=issue cycle=22 pe=8 pc=0 op=0 tag=8
MLX_TRACE backend=rtl event=complete cycle=23 pe=4 pc=1 op=3
MLX_TRACE backend=rtl event=complete cycle=23 pe=8 pc=0 op=0
MLX_TRACE backend=rtl event=complete cycle=24 pe=3 pc=3 op=2
MLX_TRACE backend=rtl event=issue cycle=24 pe=4 pc=2 op=8 tag=4
MLX_TRACE backend=rtl event=issue cycle=24 pe=9 pc=0 op=0 tag=9
MLX_TRACE backend=rtl event=issue cycle=25 pe=3 pc=4 op=8 tag=3
MLX_TRACE backend=rtl event=complete cycle=25 pe=9 pc=0 op=0
MLX_TRACE backend=rtl event=complete cycle=25 pe=4 pc=2 op=8 dst_pe=8 hops=1
MLX_TRACE backend=rtl event=issue cycle=26 pe=4 pc=3 op=8 tag=4
MLX_TRACE backend=rtl event=complete cycle=27 pe=3 pc=4 op=8 dst_pe=5 hops=1
MLX_TRACE backend=rtl event=issue cycle=28 pe=5 pc=1 op=9 tag=5
MLX_TRACE backend=rtl event=complete cycle=28 pe=4 pc=3 op=8 dst_pe=9 hops=1
MLX_TRACE backend=rtl event=complete cycle=31 pe=5 pc=1 op=9
MLX_TRACE backend=rtl event=issue cycle=32 pe=5 pc=2 op=3 tag=5
MLX_TRACE backend=rtl event=complete cycle=35 pe=5 pc=2 op=3
MLX_TRACE backend=rtl event=issue cycle=36 pe=5 pc=3 op=8 tag=5
MLX_TRACE backend=rtl event=complete cycle=38 pe=5 pc=3 op=8 dst_pe=8 hops=1
MLX_TRACE backend=rtl event=issue cycle=39 pe=5 pc=4 op=8 tag=5
MLX_TRACE backend=rtl event=issue cycle=39 pe=8 pc=1 op=3 tag=8
MLX_TRACE backend=rtl event=complete cycle=40 pe=5 pc=4 op=8 dst_pe=9 hops=1
MLX_TRACE backend=rtl event=issue cycle=41 pe=9 pc=1 op=2 tag=9
MLX_TRACE backend=rtl event=complete cycle=42 pe=8 pc=1 op=3
MLX_TRACE backend=rtl event=issue cycle=43 pe=8 pc=2 op=9 tag=8
MLX_TRACE backend=rtl event=complete cycle=45 pe=9 pc=1 op=2
MLX_TRAGENTSYS_MLX_SMOKE_PASS workload=fft_cmp backend=rtl wait=13 host_config=791 host_launch_wait=377 system=339 dma=288 kernel=49 instructions=34 load=13 store=2 compute=11 xfer=8 sync_stall=148 hops=14 conflicts=0 dma_bytes=512 abi=4d4c5801 mismatches=0
ACE backend=rtl event=complete cycle=46 pe=8 pc=2 op=9
MLX_TRACE backend=rtl event=issue cycle=46 pe=9 pc=2 op=1 tag=9
MLX_TRACE backend=rtl event=complete cycle=47 pe=9 pc=2 op=1
MLX_TRACE backend=rtl event=issue cycle=47 pe=8 pc=3 op=1 tag=8
MLX_TRACE backend=rtl event=complete cycle=48 pe=8 pc=3 op=1
MLX_BACKEND_DONE backend=rtl cycle=48 instructions=34 stalls=148 hops=14 conflicts=0
MLX_SYSTEM_DONE backend=1 system_cycles=338 dma_cycles=287 backend_cycles=49 bytes=512
